// Jest Snapshot v1, https://goo.gl/fbAQLP

exports[`queries/case should not return fields if slug dosent match 1`] = `
Object {
  "aboutCompany": "Aeneanurutrum, erat at tempus porttitor, mi eros vestibulum magna, eget semper mauris ipsum a nisi. Interdum et malesuada fames ac ante ipsum primis in faucibus. Class aptent taciti sociosqu ad litora torquent per conubia nostra, per inceptos himenaeos. Cras quis odio vel turpis pellentesque finibus. Pellentesque cursus diam ac ligula placerat volutpat. Vivamus dictum augue eu rutrum efficitur. Suspendisse ut pellentesque ante. Suspendisse odio velit, fringilla eu porta vel, elementum ac libero. Nam eu vestibulum magna. Vestibulum quis risus elementum, lobortis sapien at, rhoncus enim. Nam accumsan odio lacus, at facilisis lacus rhoncus vel. Suspendisse sollicitudin a ipsum at cursus.",
  "aboutCompanyTitle": "Arbetsförmedlingen",
  "casePageBackgroundImage": "//images.ctfassets.net/rj4r6yfcesw5/1jhHJfYCtO0MwAS6c6GwQS/fe0cdf95de0256b59f4c669b65bf0c5b/arbetsformedlingen_background.jpg",
  "casePageImage": "//images.ctfassets.net/rj4r6yfcesw5/4cWj2fKl3GOQgSKss0IW0q/0b2322470ffb780b925c8e446e745540/af-cropped-by-aeo.png",
  "contact": "- [Hans Rollman](mailto:hans.rollman@iteam.se)
- Johan Littorin, Telenor, 0123 456 789",
  "contactTitle": "Presskontakt",
  "development": "Aeneanurutrum, erat at tempus porttitor, mi eros vestibulum magna, eget semper mauris ipsum a nisi. Interdum et malesuada fames ac ante ipsum primis in faucibus. Class aptent taciti sociosqu ad litora torquent per conubia nostra, per inceptos himenaeos. Cras quis odio vel turpis pellentesque finibus. Pellentesque cursus diam ac ligula placerat volutpat. Vivamus dictum augue eu rutrum efficitur. Suspendisse ut pellentesque ante. Suspendisse odio velit, fringilla eu porta vel, elementum ac libero. Nam eu vestibulum magna. Vestibulum quis risus elementum, lobortis sapien at, rhoncus enim. Nam accumsan odio lacus, at facilisis lacus rhoncus vel. Suspendisse sollicitudin a ipsum at cursus.",
  "developmentTitle": "Utveckling",
  "frameworksTitle": "Tekniker vi använt",
  "headerBgColor": "#1616B2",
  "introduction": "Jobskills är en ny digital matchningstjänst där de som är nya i Sverige själva kan kartlägga sin kompetens och förbereda sig för ett jobb i Sverige. Arbetsgivare kan genom Jobskills sökverktyg hitta ny värdefull kompetens.",
  "introductionTitle": "En ny digital tjänst",
  "location": "Stockholm",
  "logo": "//images.ctfassets.net/rj4r6yfcesw5/4p0ptdLj9SaECekOI4c6C2/dba908232e2db00219bba544930b91f6/AF_ordbild_vit.png",
  "partners": "[Digitalbyrån](https://hej.com)",
  "partnersTitle": "Samarbetspartners",
  "process": "Under 2015 ledde oroligheterna runt om i världen till att Europa mottog ett stort antal asylsökande. Detta har ställt höga krav på Migrationsverket och Arbetsförmedlingen som ansvarar för mottagningen av flyktingar och etableringen av nyanlända. Arbetsförmedlingen fick i uppdrag av regeringen att kartlägga asylsökandes utbildningsbakgrund och arbetslivserfarenhet för att snabba på etableringsprocessen. Syftet med kompetenskartläggningen är även att på ett bättre sätt tillgodose rekryteringsbehoven till bristyrken.

På grund av det stora antalet ansökningar om asyl har även väntetiderna ökat och var som längst upp emot två år under 2016/2017. Det är viktigt att tiden då den enskilde befinner sig i asylprocessen kan tas tillvara och användas på ett meningsfullt sätt, bland annat för att korta vägarna till en framtida etablering för de som får uppehållstillstånd. Tidiga insatser under asylprocessen leder till att snabbare få asylsökande i arbete och att förbättra integrationen i samhället.",
  "processTitle": "Utmaning",
  "quote": "\\"We feel that our crew at Iteam are more colleagues than suppliers. Rather than specifying a tech spec to work on, we collaborate, carefully chiseling out functionality as we go along. This way of working has minimized waste and it has also taken us further than we ever imagined”",
  "quoteBgColor": "#1616B2",
  "quotePerson": "Anna Andersson, chef Arbetsförmedlingen",
  "shortDescription": "Synliggörande av asylsökandes kompetens med digitala verktyg",
  "slug": "arbetsformedlingen",
  "tags": Array [
    "API",
    "Docker",
    "UX",
    "React",
    "Vue",
  ],
  "thumbnailImage": "//images.ctfassets.net/rj4r6yfcesw5/3Y7zZ25WbeOCU8w84kAEos/b97ff1899cf6f2e4dca0eb2b4f0d5a44/af.png",
  "title": "Arbetsförmedlingen",
}
`;

exports[`queries/case should return all fields 1`] = `
Object {
  "aboutCompany": "Aeneanurutrum, erat at tempus porttitor, mi eros vestibulum magna, eget semper mauris ipsum a nisi. Interdum et malesuada fames ac ante ipsum primis in faucibus. Class aptent taciti sociosqu ad litora torquent per conubia nostra, per inceptos himenaeos. Cras quis odio vel turpis pellentesque finibus. Pellentesque cursus diam ac ligula placerat volutpat. Vivamus dictum augue eu rutrum efficitur. Suspendisse ut pellentesque ante. Suspendisse odio velit, fringilla eu porta vel, elementum ac libero. Nam eu vestibulum magna. Vestibulum quis risus elementum, lobortis sapien at, rhoncus enim. Nam accumsan odio lacus, at facilisis lacus rhoncus vel. Suspendisse sollicitudin a ipsum at cursus.",
  "aboutCompanyTitle": "Arbetsförmedlingen",
  "casePageBackgroundImage": "//images.ctfassets.net/rj4r6yfcesw5/1jhHJfYCtO0MwAS6c6GwQS/fe0cdf95de0256b59f4c669b65bf0c5b/arbetsformedlingen_background.jpg",
  "casePageImage": "//images.ctfassets.net/rj4r6yfcesw5/4cWj2fKl3GOQgSKss0IW0q/0b2322470ffb780b925c8e446e745540/af-cropped-by-aeo.png",
  "contact": "- [Hans Rollman](mailto:hans.rollman@iteam.se)
- Johan Littorin, Telenor, 0123 456 789",
  "contactTitle": "Presskontakt",
  "development": "Aeneanurutrum, erat at tempus porttitor, mi eros vestibulum magna, eget semper mauris ipsum a nisi. Interdum et malesuada fames ac ante ipsum primis in faucibus. Class aptent taciti sociosqu ad litora torquent per conubia nostra, per inceptos himenaeos. Cras quis odio vel turpis pellentesque finibus. Pellentesque cursus diam ac ligula placerat volutpat. Vivamus dictum augue eu rutrum efficitur. Suspendisse ut pellentesque ante. Suspendisse odio velit, fringilla eu porta vel, elementum ac libero. Nam eu vestibulum magna. Vestibulum quis risus elementum, lobortis sapien at, rhoncus enim. Nam accumsan odio lacus, at facilisis lacus rhoncus vel. Suspendisse sollicitudin a ipsum at cursus.",
  "developmentTitle": "Utveckling",
  "frameworksTitle": "Tekniker vi använt",
  "headerBgColor": "#1616B2",
  "introduction": "Jobskills är en ny digital matchningstjänst där de som är nya i Sverige själva kan kartlägga sin kompetens och förbereda sig för ett jobb i Sverige. Arbetsgivare kan genom Jobskills sökverktyg hitta ny värdefull kompetens.",
  "introductionTitle": "En ny digital tjänst",
  "location": "Stockholm",
  "logo": "//images.ctfassets.net/rj4r6yfcesw5/4p0ptdLj9SaECekOI4c6C2/dba908232e2db00219bba544930b91f6/AF_ordbild_vit.png",
  "partners": "[Digitalbyrån](https://hej.com)",
  "partnersTitle": "Samarbetspartners",
  "process": "Under 2015 ledde oroligheterna runt om i världen till att Europa mottog ett stort antal asylsökande. Detta har ställt höga krav på Migrationsverket och Arbetsförmedlingen som ansvarar för mottagningen av flyktingar och etableringen av nyanlända. Arbetsförmedlingen fick i uppdrag av regeringen att kartlägga asylsökandes utbildningsbakgrund och arbetslivserfarenhet för att snabba på etableringsprocessen. Syftet med kompetenskartläggningen är även att på ett bättre sätt tillgodose rekryteringsbehoven till bristyrken.

På grund av det stora antalet ansökningar om asyl har även väntetiderna ökat och var som längst upp emot två år under 2016/2017. Det är viktigt att tiden då den enskilde befinner sig i asylprocessen kan tas tillvara och användas på ett meningsfullt sätt, bland annat för att korta vägarna till en framtida etablering för de som får uppehållstillstånd. Tidiga insatser under asylprocessen leder till att snabbare få asylsökande i arbete och att förbättra integrationen i samhället.",
  "processTitle": "Utmaning",
  "quote": "\\"We feel that our crew at Iteam are more colleagues than suppliers. Rather than specifying a tech spec to work on, we collaborate, carefully chiseling out functionality as we go along. This way of working has minimized waste and it has also taken us further than we ever imagined”",
  "quoteBgColor": "#1616B2",
  "quotePerson": "Anna Andersson, chef Arbetsförmedlingen",
  "shortDescription": "Synliggörande av asylsökandes kompetens med digitala verktyg",
  "slug": "arbetsformedlingen",
  "tags": Array [
    "API",
    "Docker",
    "UX",
    "React",
    "Vue",
  ],
  "thumbnailImage": "//images.ctfassets.net/rj4r6yfcesw5/3Y7zZ25WbeOCU8w84kAEos/b97ff1899cf6f2e4dca0eb2b4f0d5a44/af.png",
  "title": "Arbetsförmedlingen",
}
`;
