// Jest Snapshot v1, https://goo.gl/fbAQLP

exports[`queries/cases should return all fields 1`] = `
Array [
  Object {
    "aboutCompany": "Aeneanurutrum, erat at tempus porttitor, mi eros vestibulum magna, eget semper mauris ipsum a nisi. Interdum et malesuada fames ac ante ipsum primis in faucibus. Class aptent taciti sociosqu ad litora torquent per conubia nostra, per inceptos himenaeos. Cras quis odio vel turpis pellentesque finibus. Pellentesque cursus diam ac ligula placerat volutpat. Vivamus dictum augue eu rutrum efficitur. Suspendisse ut pellentesque ante. Suspendisse odio velit, fringilla eu porta vel, elementum ac libero. Nam eu vestibulum magna. Vestibulum quis risus elementum, lobortis sapien at, rhoncus enim. Nam accumsan odio lacus, at facilisis lacus rhoncus vel. Suspendisse sollicitudin a ipsum at cursus.",
    "aboutCompanyTitle": "Arbetsförmedlingen",
    "casePageImage": undefined,
    "contact": "- [Hans Rollman](mailto:hans.rollman@iteam.se)
- Johan Littorin, Telenor, 0123 456 789",
    "contactTitle": "Presskontakt",
    "development": "Aeneanurutrum, erat at tempus porttitor, mi eros vestibulum magna, eget semper mauris ipsum a nisi. Interdum et malesuada fames ac ante ipsum primis in faucibus. Class aptent taciti sociosqu ad litora torquent per conubia nostra, per inceptos himenaeos. Cras quis odio vel turpis pellentesque finibus. Pellentesque cursus diam ac ligula placerat volutpat. Vivamus dictum augue eu rutrum efficitur. Suspendisse ut pellentesque ante. Suspendisse odio velit, fringilla eu porta vel, elementum ac libero. Nam eu vestibulum magna. Vestibulum quis risus elementum, lobortis sapien at, rhoncus enim. Nam accumsan odio lacus, at facilisis lacus rhoncus vel. Suspendisse sollicitudin a ipsum at cursus.",
    "developmentTitle": "Utveckling",
    "headerBgColor": "#9E9EF0",
    "introduction": "Aeneanurutrum, erat at tempus porttitor, mi eros vestibulum magna, eget semper mauris ipsum a nisi. Interdum et malesuada fames ac ante ipsum primis in faucibus. Class aptent taciti sociosqu ad litora torquent per conubia nostra, per inceptos himenaeos. Cras quis odio vel turpis pellentesque finibus. Pellentesque cursus diam ac ligula placerat volutpat. Vivamus dictum augue eu rutrum efficitur. Suspendisse ut pellentesque ante. Suspendisse odio velit, fringilla eu porta vel, elementum ac libero. Nam eu vestibulum magna. Vestibulum quis risus elementum, lobortis sapien at, rhoncus enim. Nam accumsan odio lacus, at facilisis lacus rhoncus vel. Suspendisse sollicitudin a ipsum at cursus.",
    "introductionTitle": "En ny digital tjänst",
    "logo": "//images.ctfassets.net/rj4r6yfcesw5/4p0ptdLj9SaECekOI4c6C2/c2cdeab1cebc9650ebb0e7778357c231/AF_ordbild_vit.png",
    "partners": "[Digitalbyrån](https://hej.com)",
    "partnersTitle": "Samarbetspartners",
    "process": "Aeneanurutrum, erat at tempus porttitor, mi eros vestibulum magna, eget semper mauris ipsum a nisi. Interdum et malesuada fames ac ante ipsum primis in faucibus. Class aptent taciti sociosqu ad litora torquent per conubia nostra, per inceptos himenaeos. Cras quis odio vel turpis pellentesque finibus. Pellentesque cursus diam ac ligula placerat volutpat. Vivamus dictum augue eu rutrum efficitur. Suspendisse ut pellentesque ante. Suspendisse odio velit, fringilla eu porta vel, elementum ac libero. Nam eu vestibulum magna. Vestibulum quis risus elementum, lobortis sapien at, rhoncus enim. Nam accumsan odio lacus, at facilisis lacus rhoncus vel. Suspendisse sollicitudin a ipsum at cursus.",
    "processTitle": "Process",
    "quote": "\\"We feel that our crew at Iteam are more colleagues than suppliers. Rather than specifying a tech spec to work on, we collaborate, carefully chiseling out functionality as we go along. This way of working has minimized waste and it has also taken us further than we ever imagined”",
    "quotePerson": "Anna Andersson, chef Arbetsförmedlingen",
    "shortDescription": "Synliggörande av asylsökandes kompetens med digitala verktyg",
    "slug": "Arbetsförmedlingen",
    "tags": Array [
      "API",
      "Docker",
      "UX",
      "React",
      "Vue",
    ],
    "thumbnailImage": "//images.ctfassets.net/rj4r6yfcesw5/3Y7zZ25WbeOCU8w84kAEos/284ae63715e1dde9090eb0ae8fb667c2/af.png",
    "title": "Arbetsförmedlingen",
  },
]
`;
