// Jest Snapshot v1, https://goo.gl/fbAQLP

exports[`queries/pageWork should return all fields 1`] = `
Object {
  "contactTitle": "Hör av dig till oss!",
  "customersText": "Våra kunder har alla stora möjligheter att göra skillnad på sina marknader. De är förbi datorisering och har redan lagt upp alla sina formulär på webben. Nu är de ute efter digitalisering. Och det tar tid. Därför har vi ofta långa relationer med våra kunder. Ofta blir vi vänner längs vägen.
",
  "customersTitle": "Långa strömmar, inte korta projekt.",
  "headerImage": "//images.ctfassets.net/rj4r6yfcesw5/j9IXvqaJ32Uc0SWQeUQsi/e75bc2d9b05ae39fe71ec1b1c14600e0/work.jpg",
  "headerText1": "Bli en del av teamet",
  "headerTextBgColor": "#FF405F",
  "hiringTitle": "Just nu söker vi",
  "methodText": "Vi söker alltid efter den bästa processen. Den bästa metoden. Vi vågar ta risker, byta spår, byta teknik, experimentera och ifrågasätta både oss själva och våra kunder. Det är liksom det vi gör. Hela tiden.",
  "methodTitle": "Ständigt sökande",
  "openApplicationLabel": "Inget som passar?",
  "openApplicationText": "Gör en [spontanansökan](mailto:joinus@iteam.se)!",
  "sharingText": "På våra kodluncher lär vi av varandra. Vi mentorerar och vi labbar ihop. Vi anordnar Lounge Hack, bidrar till open source, till forumet kodapor tillsammans med 12000 andra utvecklare och deltar på konferenser. Vår kunskap är din kunskap.",
  "sharingTitle": "Delar allt",
  "teamText": "Vi jobbar alltid i team. Systemutvecklare, strateger, interaktionsdesigners, visuella designers och värdecoacher. Alla är vi värdefulla var och en för sig och ännu mer ihop. Vi jobbar alltid tillsammans. Alltid i tvärfunktionella team. Aldrig uthyrda. Aldrig ensamma.",
  "teamTitle": "I team",
}
`;
