// Jest Snapshot v1, https://goo.gl/fbAQLP

exports[`queries/pageOffers should return all fields 1`] = `
Object {
  "contactTitle": "Vill du veta mer?",
  "headerImage": "//images.ctfassets.net/rj4r6yfcesw5/45ST2zZeFqgYuaSuM8yKy0/d7d62b50748a05f1f9f540198390077a/Maria-Desk-2-Highres.jpg",
  "headerText1": "Våra erbjudanden",
  "headerTextBgColor": "green",
  "offersLeadText": "Kod, kultur och strategi är nödvändliga beståndsdelar för att skapa innovation. Aeneanurutrum, erat at tempus porttitor, mi eros vestibulum magna, eget semper mauris ipsum a nisi. Interdum et malesuada fames ac ante ipsum primis in faucibus.",
  "team": Array [
    "msr",
    "jmn",
  ],
}
`;
