// Jest Snapshot v1, https://goo.gl/fbAQLP

exports[`queries/pageOpenPosition should return all fields 1`] = `
Object {
  "aboutUs": "Vi digitaliserar företag och organisationer genom strategi, kod och kultur. Med hjälp av de tre bitarna skapar vi innovativa tekniska lösningar som skapar värde, gör något bra för samhället och låter oss ha roligt längs vägen.

Våra kunder har spännande utmaningar både tekniskt och affärsmässigt, och stor potential att göra skillnad inom sina områden. Vi jobbar bland annat med Taxi Stockholm, Vimla, Läkare utan gränser och Arbetsförmedlingen.

Vi är ca 30 personer fördelade i Stockholm och Göteborg. Hos oss tar du av dig skorna vid dörren och känner dig som hemma. Vi lär oss ständigt nya saker av varandra - genom mentorskap, utbyte inom projekt, måndagsfrukostar, kodlunch eller under labbtimmarna. Vi har kul tillsammans och tar hand om varandra i vardagen, löparspåret, på yogamattan, spelkvällar, after works och vid andra speciella tillfällen. Vi arbetar aktivt för att sätta ihop team med så varierande och kompletterande bakgrund som möjligt – oavsett om det gäller kön, könsidentitet och -uttryck, etnisk tillhörighet, religion och trosuppfattning, funktionalitet, sexuell läggning, ålder, utbildning eller social bakgrund. Våra team är alltid korsfunktionella. Alltid agila. Alltid nära beställaren, deras anställda, användare och intressenter.",
  "aboutUsTitle": "Om oss",
  "application": "Maila CV, personligt brev och beskrivning av ett case till: [work@iteam.se](mailto:work@iteam.se)",
  "applicationTitle": "Ansökan",
  "bonusKnowledge": "- Kvantitativa researchmetoder (t.ex. enkäter och användningsdata i Google Analytics)
- Förståelse för den tekniska miljö dina lösningar kommer att implementeras i (t.ex. grundläggande HTML och CSS)
- Utbildning inom interaktionsdesign, människa-datorinteraktion, beteendevetenskap, kognitionspsykologi, digital design eller närliggande område",
  "bonusKnowledgeTitle": "Plus i kanten",
  "contactTitle": "Frågor?",
  "contentImage": "//images.ctfassets.net/rj4r6yfcesw5/62hgzE8G3ueMa2YSEuG4og/db2b643db6041f9d26936bc2d6006607/bleed_howwework.jpg",
  "headerImage": "//images.ctfassets.net/rj4r6yfcesw5/2VBOGPr664aWq4cEieYasY/7d824e86c44854559806e31e02c2e02a/juniorux.jpg",
  "headerText1": "Junior UX Designer",
  "headerText2": "Stockholm",
  "headerTextBgColor": "#668CFF",
  "id": "junior-ux-designer",
  "knowledge": "- Kvalitativa researchmetoder (t.ex. användbarhetstester, observationer, intervjuer och workshops)
- Kommunicera dina insikter med hjälp av lämpliga leverabler (t.ex. rapporter, användarresor, prototyper eller skrynkliga pappersskisser)
- Interaktionsdesign
- Vara användarens representant i projekt och stötta både kollegor och kunder med användarens perspektiv
- Jobba agilt
- Arbeta korsfunktionellt och förstå behoven hos kollegor ur andra yrkesgrupper
- Goda kunskaper i engelska (för att kunna kommincera med dina kollegor)
- Goda kunskaper i svenska (för att kunna genomföra användarstudier i kontexter där det primära användarspråket är svenska)",
  "knowledgeTitle": "Du behöver kunna",
  "location": "Stockholm",
  "perks": "6 veckors semester
              Kodluncher varje fredag för gemensamt lärande inkl lunch
              Ingen förväntad övertid
              Förmånligt friskvårdsbidrag och fokus på välmående
              Förmånligt pensionssystem
              Bonus vid slutet av ett bra år
              Mentorskap mellan arbetskamrater
              Individuell budget för kompetensutveckling",
  "perksTitle": "Några av våra bonusar",
  "role": "Som UX designer på Iteam är din roll att hjälpa våra kunder med digitala lösningar som skapar värde på riktigt. Som gör något bra både för kunden, slutanvändaren och samhället. Med hjälp av olika researchmetoder undersöker du både användarens och kundens behov och kontext, samt definierar och testar användarupplevelser.

Du delar med dig av din kunskap inom user experience. Du förstår också att om lösningar ska vara verkligt användarvänliga behöver även arbetsprocesserna och kulturen vara användarcentrerad. Vi strävar mot att UX aldrig ska få vara bara en fas eller en eftertanke. Det ska genomsyra hela projektet. Alltid. ",
  "roleTitle": "Din roll",
  "technicalities": "__Några av våra kunder:__ Taxi Stockholm, Vimla, Swedbank, Läkare Utan Gränser, Arbetsförmedlningen, Alcro Beckers, Scania, SoundIdeas.

__Anställningsform:__ Tillsvidareanställning. 6 månaders provanställning, sedan fast anställning.

__Plats:__ Stockholm.

__Start:__ Omgående.",
  "technicalitiesTitle": "Teknikaliteter",
  "title": "Junior UX Designer",
  "urlId": "junior-ux-designer",
}
`;
