// Jest Snapshot v1, https://goo.gl/fbAQLP

exports[`queries/pageTeam should return all fields 1`] = `
Object {
  "contactTitle": "Hör av dig till oss!",
  "headerImage": "//images.ctfassets.net/rj4r6yfcesw5/4l7Q40idLOOI6MCscS8o2C/d95c6f40226fd707eb692fdd806acdef/team.jpg",
  "headerText1": "Det är vi som är Iteam",
  "headerTextBgColor": "#668CFF",
}
`;
