// Jest Snapshot v1, https://goo.gl/fbAQLP

exports[`components/About renders About 1`] = `
<div>
  <div>
    <div
      class="GridColumn__GridColumnClean-sc-1y5e0ej-0 sc-kkGfuU kBhhRb"
    >
      <div
        class="Header__Content-dm3ycw-0 beGtUJ"
      >
        <div
          class="Navigation__Wrap-fdgx9g-0 ehbMFf"
        >
          <a
            class="sc-jKJlTe bIUarX"
          >
            <img
              data-testid="logo"
              path="test-file-stub"
              class="sc-eNQAEJ gYmRno"
            />
          </a>
          <div
            class="Navigation__NavigationItems-fdgx9g-2 eVDHVt"
          >
            <a
              class="sc-hMqMXs fILlfv"
              aria-current="false"
            >
              Erbjudanden
            </a>
            <a
              class="sc-hMqMXs fILlfv"
              aria-current="false"
            >
              Våra case
            </a>
            <a
              class="sc-hMqMXs fILlfv"
              aria-current="false"
            >
              Metod
            </a>
            <a
              class="sc-hMqMXs fILlfv"
              aria-current="false"
            >
              Medarbetare
            </a>
            <a
              class="sc-hMqMXs fILlfv"
              aria-current="false"
            >
              Karriär
            </a>
            <a
              class="sc-hMqMXs fILlfv"
              aria-current="false"
            >
              Om
            </a>
            <a
              target="_blank"
              rel="noopener noreferrer"
              href="https://blog.iteam.life/"
              class="NativeLink-fvundc-0 sc-kEYyzF grsRKu"
            >
              Labs
            </a>
            <div
              class="Navigation__Indicator-fdgx9g-1 bOcqdk"
            />
          </div>
        </div>
        <div
          class="Header__MessageRow-dm3ycw-1 cbRVND"
        >
          <h1
            class="H1-sc-1we7oaz-0 sc-iAyFgw dXQSFr"
          >
            <span
              class="Header__MessageLine-dm3ycw-2 iOLoPT"
            >
              Vi skapades ur en vilja att skapa värde,
            </span>
            <br />
            <span
              class="Header__MessageLine-dm3ycw-2 iOLoPT"
            >
              ha kul och göra något bra
            </span>
          </h1>
        </div>
      </div>
    </div>
  </div>
  <div
    class="GridColumn__GridColumnClean-sc-1y5e0ej-0 sc-htpNat kmHAwx"
  >
    <div
      class="react-reveal"
      style="opacity: 1;"
    >
      <div
        data-test="block-"
        class="PaddedRow-qwtz4d-0 glcQGC"
      >
        <div
          class="Block__Content-sc-73lkvi-0 cmDqNt"
        >
          <div
            class="Block__TitleWrap-sc-73lkvi-1 jjTrxf"
          >
            <h3
              class="H3-sc-13x7erc-0 cKRnEQ"
            >
              Skapa värde
            </h3>
          </div>
          <div
            class="Block__Text-sc-73lkvi-3 jzbETd"
          >
            <div
              class="Paragraph__StyledParagraph-sc-18re3wf-0 kFBGJT"
            >
              <div>
                <p>
                  Vi ger dig det du behöver. Även när du tror du behöver något annat. Det kan låta kaxigt men vi vet att många företag och organisationer ofta blandar ihop det som är bråttom med det som är viktigt. Vi hjälper dig att fokusera på det som är viktigt och som skapar värde för dig och dina kunder.
                </p>
              </div>
            </div>
          </div>
        </div>
      </div>
    </div>
    <div
      class="react-reveal"
      style="opacity: 1;"
    >
      <div
        data-test="block-"
        class="PaddedRow-qwtz4d-0 glcQGC"
      >
        <div
          class="Block__Content-sc-73lkvi-0 cmDqNt"
        >
          <div
            class="Block__TitleWrap-sc-73lkvi-1 jjTrxf"
          >
            <h3
              class="H3-sc-13x7erc-0 cKRnEQ"
            >
              Ha kul
            </h3>
          </div>
          <div
            class="Block__Text-sc-73lkvi-3 jzbETd"
          >
            <div
              class="Paragraph__StyledParagraph-sc-18re3wf-0 kFBGJT"
            >
              <div>
                <p>
                  Vi utvecklar din tjänst tillsammans med dig. Det blir mycket bättre så. Och roligare. För oss är det viktigt att ha kul. Därför väljer vi uppdrag med omsorg. Det blir liksom ett löfte till våra kunder: “Vi lovar att bara jobba med dig så länge vi tycker det är kul och brinner för det du gör”. Det lovar vi därför att då blir resultatet bättre.
                </p>
              </div>
            </div>
          </div>
        </div>
      </div>
    </div>
    <div
      class="ImageBlock__Content-sc-15ih60h-0 hVrqrK"
    >
      <img
        src="test-file-stub"
        class="ImageBlock__ImageContainer-sc-15ih60h-1 efhZFd"
      />
    </div>
    <div
      class="react-reveal"
      style="opacity: 1;"
    >
      <div
        data-test="block-"
        class="PaddedRow-qwtz4d-0 glcQGC"
      >
        <div
          class="Block__Content-sc-73lkvi-0 cmDqNt"
        >
          <div
            class="Block__TitleWrap-sc-73lkvi-1 jjTrxf"
          >
            <h3
              class="H3-sc-13x7erc-0 cKRnEQ"
            >
              Göra något bra
            </h3>
          </div>
          <div
            class="Block__Text-sc-73lkvi-3 jzbETd"
          >
            <div
              class="Paragraph__StyledParagraph-sc-18re3wf-0 kFBGJT"
            >
              <div>
                <p>
                  Teknik ska vara tillgänglig för alla. Teknik ska göra gott. Därför väljer vi kunder där vi tror att vi kan göra något bra och där vi kan göra skillnad. Det betyder också att om vi jobbar ihop så tror vi 100% på din tjänst.
                </p>
              </div>
            </div>
          </div>
        </div>
      </div>
    </div>
    <img
      src="//images.ctfassets.net/rj4r6yfcesw5/7bwz7g2GuQu8A68QmCQAMw/2c6391a40ebe2d0bee958dacf72aa174/bleed_aboutus.jpg"
      class="ImageBleed__ImageContainer-sc-1jaho49-0 kEiPqu"
    />
    <div
      class="react-reveal"
      style="opacity: 1;"
    >
      <div
        data-test="block-"
        class="PaddedRow-qwtz4d-0 glcQGC"
      >
        <div
          class="Block__Content-sc-73lkvi-0 cmDqNt"
        >
          <div
            class="Block__TitleWrap-sc-73lkvi-1 jjTrxf"
          >
            <h3
              class="H3-sc-13x7erc-0 cKRnEQ"
            >
              Vi står stabilt
            </h3>
          </div>
          <div
            class="Block__Text-sc-73lkvi-3 jzbETd"
          >
            Löksås ipsum plats upprätthållande från sorgliga se, denna precis från brunsås strand år dock, stig färdväg genom äng varit. Erfarenheter regn groda tidigare trevnadens hwila ännu dimma kunde mjuka sällan, oss genom tidigare annat sista stora tid plats inom.
            <div
              class="About__StabilityIcons-cq7w3g-0 CHFWf"
            >
              <img
                alt=""
                src="//images.ctfassets.net/rj4r6yfcesw5/2jLXgnJMdqcMIWgiYAEyq2/d88293e3899d0e65ad99754aa45f5f85/aaa_logo_web_ny.png"
                class="About__StabilityIcon-cq7w3g-1 ihfsOC"
              />
              <img
                alt=""
                src="//images.ctfassets.net/rj4r6yfcesw5/6tIo0BhFEki6Iyc68AkgiQ/98253a689d719382d5d13f4896f10941/vas-superforetagen-2016._300dppipng.png"
                class="About__StabilityIcon-cq7w3g-1 ihfsOC"
              />
            </div>
          </div>
        </div>
      </div>
    </div>
    <div
      class="react-reveal"
      style="opacity: 1;"
    >
      <div
        data-test="block-"
        class="PaddedRow-qwtz4d-0 glcQGC"
      >
        <div
          class="Block__Content-sc-73lkvi-0 cmDqNt"
        >
          <div
            class="Block__TitleWrap-sc-73lkvi-1 jjTrxf"
          >
            <h3
              class="H3-sc-13x7erc-0 cKRnEQ"
            >
              Om oss
            </h3>
          </div>
          <div
            class="Block__Text-sc-73lkvi-3 jzbETd"
          >
            <div
              class="Paragraph__StyledParagraph-sc-18re3wf-0 kFBGJT"
            >
              <div>
                <p>
                  Vi är bäst
                </p>
              </div>
            </div>
          </div>
        </div>
      </div>
    </div>
  </div>
</div>
`;
