// Jest Snapshot v1, https://goo.gl/fbAQLP

exports[`components/Cases renders Cases 1`] = `
<div>
  <div>
    <div
      class="GridColumn__GridColumnClean-sc-1y5e0ej-0 sc-kkGfuU fonsan"
    >
      <div
        class="Header__Content-dm3ycw-0 beGtUJ"
      >
        <div
          class="Navigation__Wrap-fdgx9g-0 ehbMFf"
        >
          <a
            class="sc-jKJlTe bIUarX"
          >
            <img
              data-testid="logo"
              path="test-file-stub"
              class="sc-eNQAEJ gYmRno"
            />
          </a>
          <div
            class="Navigation__NavigationItems-fdgx9g-2 eVDHVt"
          >
            <a
              class="sc-hMqMXs fILlfv"
              aria-current="false"
            >
              Erbjudanden
            </a>
            <a
              class="sc-hMqMXs fILlfv"
              aria-current="false"
            >
              Våra case
            </a>
            <a
              class="sc-hMqMXs fILlfv"
              aria-current="false"
            >
              Metod
            </a>
            <a
              class="sc-hMqMXs fILlfv"
              aria-current="false"
            >
              Medarbetare
            </a>
            <a
              class="sc-hMqMXs fILlfv"
              aria-current="false"
            >
              Karriär
            </a>
            <a
              class="sc-hMqMXs fILlfv"
              aria-current="false"
            >
              Om
            </a>
            <a
              target="_blank"
              rel="noopener noreferrer"
              href="https://blog.iteam.life/"
              class="NativeLink-fvundc-0 sc-kEYyzF grsRKu"
            >
              Labs
            </a>
            <div
              class="Navigation__Indicator-fdgx9g-1 bOcqdk"
            />
          </div>
        </div>
        <div
          class="Header__MessageRow-dm3ycw-1 cbRVND"
        >
          <h1
            class="H1-sc-1we7oaz-0 sc-iAyFgw dXQSFr"
          >
            <span
              class="Header__MessageLine-dm3ycw-2 iOLoPT"
            >
              Några exempel på
            </span>
            <br />
            <span
              class="Header__MessageLine-dm3ycw-2 iOLoPT"
            >
              sådant vi gjort
            </span>
          </h1>
        </div>
      </div>
    </div>
  </div>
  <div
    class="GridColumn__GridColumnClean-sc-1y5e0ej-0 sc-htpNat kmHAwx"
  >
    <div
      class="PaddedRow-qwtz4d-0 sc-bZQynM cbgimB"
    >
      <a
        class="sc-bdVaJa bssnas"
      >
        <div
          class="Cases__Case-sc-2cdncr-3 ggVqeo"
        >
          <div
            class="Cases__CaseImageWrap-sc-2cdncr-0 eMqsDY"
          >
            <img
              src="//images.ctfassets.net/rj4r6yfcesw5/68OlBclfQAGMcEUsQgcIUY/9bdf52bb8a9a17be06e11ef3fa32d3de/vimla-case-phone.png"
              alt=""
              class="Cases__CaseImage-sc-2cdncr-1 iotjvD"
            />
          </div>
          <div
            class="Cases__Meta-sc-2cdncr-2 hScWTB"
          >
            <div
              class="Cases__Title-sc-2cdncr-4 hJMmIA"
            >
              Vimla
            </div>
            <div
              class="Cases__ShortDescription-sc-2cdncr-5 iPcSGr"
            >
              Synliggörande av asylsökandes kompetens med digitala verktyg
            </div>
          </div>
        </div>
      </a>
      <a
        class="sc-bdVaJa bssnas"
      >
        <div
          class="Cases__Case-sc-2cdncr-3 ggVqeo"
        >
          <div
            class="Cases__CaseImageWrap-sc-2cdncr-0 eMqsDY"
          >
            <img
              src="//images.ctfassets.net/rj4r6yfcesw5/UGucAeFycSqIGw0CAc0ys/3d58300261bcff64dba751de9228a150/tsab-case-phone.png"
              alt=""
              class="Cases__CaseImage-sc-2cdncr-1 iotjvD"
            />
          </div>
          <div
            class="Cases__Meta-sc-2cdncr-2 hScWTB"
          >
            <div
              class="Cases__Title-sc-2cdncr-4 hJMmIA"
            >
              Taxi Stockholm
            </div>
            <div
              class="Cases__ShortDescription-sc-2cdncr-5 iPcSGr"
            >
              Synliggörande av asylsökandes kompetens med digitala verktyg
            </div>
          </div>
        </div>
      </a>
      <a
        class="sc-bdVaJa bssnas"
      >
        <div
          class="Cases__Case-sc-2cdncr-3 ggVqeo"
        >
          <div
            class="Cases__CaseImageWrap-sc-2cdncr-0 eMqsDY"
          />
          <div
            class="Cases__Meta-sc-2cdncr-2 hScWTB"
          >
            <div
              class="Cases__Title-sc-2cdncr-4 hJMmIA"
            >
              SEB
            </div>
            <div
              class="Cases__ShortDescription-sc-2cdncr-5 iPcSGr"
            >
              Synliggörande av asylsökandes kompetens med digitala verktyg
            </div>
          </div>
        </div>
      </a>
      <a
        class="sc-bdVaJa bssnas"
      >
        <div
          class="Cases__Case-sc-2cdncr-3 ggVqeo"
        >
          <div
            class="Cases__CaseImageWrap-sc-2cdncr-0 eMqsDY"
          >
            <img
              src="//images.ctfassets.net/rj4r6yfcesw5/3Y7zZ25WbeOCU8w84kAEos/b97ff1899cf6f2e4dca0eb2b4f0d5a44/af.png"
              alt=""
              class="Cases__CaseImage-sc-2cdncr-1 iotjvD"
            />
          </div>
          <div
            class="Cases__Meta-sc-2cdncr-2 hScWTB"
          >
            <div
              class="Cases__Title-sc-2cdncr-4 hJMmIA"
            >
              Arbetsförmedlingen
            </div>
            <div
              class="Cases__ShortDescription-sc-2cdncr-5 iPcSGr"
            >
              Synliggörande av asylsökandes kompetens med digitala verktyg
            </div>
          </div>
        </div>
      </a>
    </div>
  </div>
</div>
`;
