// Jest Snapshot v1, https://goo.gl/fbAQLP

exports[`components/Home renders Home 1`] = `
<div>
  <div>
    <div
      class="GridColumn__GridColumnClean-sc-1y5e0ej-0 codQSz"
    >
      <div
        class="HomeHeader__HomeContent-j7f4se-0 iUBpRy"
      >
        <div
          class="Navigation__Wrap-fdgx9g-0 ehbMFf"
        >
          <a
            class="sc-jKJlTe bIUarX"
          >
            <img
              data-testid="logo"
              path="test-file-stub"
              class="sc-eNQAEJ gYmRno"
            />
          </a>
          <div
            class="Navigation__NavigationItems-fdgx9g-2 hiRnwt"
          >
            <a
              class="sc-hMqMXs fILlfv"
              aria-current="false"
            >
              Erbjudanden
            </a>
            <a
              class="sc-hMqMXs fILlfv"
              aria-current="false"
            >
              Våra case
            </a>
            <a
              class="sc-hMqMXs fILlfv"
              aria-current="false"
            >
              Metod
            </a>
            <a
              class="sc-hMqMXs fILlfv"
              aria-current="false"
            >
              Medarbetare
            </a>
            <a
              class="sc-hMqMXs fILlfv"
              aria-current="false"
            >
              Karriär
            </a>
            <a
              class="sc-hMqMXs fILlfv"
              aria-current="false"
            >
              Om
            </a>
            <a
              target="_blank"
              rel="noopener noreferrer"
              href="https://blog.iteam.life/"
              class="NativeLink-fvundc-0 sc-kEYyzF grsRKu"
            >
              Labs
            </a>
            <div
              class="Navigation__Indicator-fdgx9g-1 bOcqdk"
            />
          </div>
        </div>
        <div
          class="HomeHeader__HomeMessageRow-j7f4se-1 cALqNw"
        >
          <div
            class="HomeHeader__IntroWrap-j7f4se-5 jfaBjk"
          >
            <h1
              class="H1-sc-1we7oaz-0 sc-iwsKbI cxdzLw"
            >
              Hej! Vi är Iteam, en utvecklingbyrå som digitaliserar företag genom kod, kultur och strategi.
            </h1>
            <div
              class="HomeHeader__HomeLead-j7f4se-6 gucGvT"
            >
              <div>
                <p>
                  Läs mer om våra 
                  <a
                    title="Erbjudanden"
                    href="/erbjudanden"
                  >
                    erbjudanden
                  </a>
                  eller se våra 
                  <a
                    title="Våra case"
                    href="/case"
                  >
                    case
                  </a>
                </p>
              </div>
            </div>
          </div>
          <div
            class="HomeHeader__IllustrationWrap-j7f4se-2 iFQcWG"
          >
            <span
              class="HomeHeader__Cloud-j7f4se-3 MvjLB"
            />
            <span
              class="HomeHeader__Cloud-j7f4se-3 sc-dnqmqq jFHNyJ"
            />
            <img
              src="test-file-stub"
              class="HomeHeader__IllustrationImage-j7f4se-4 bNOAKW"
            />
          </div>
        </div>
      </div>
    </div>
  </div>
  <div
    class="GridColumn__GridColumnClean-sc-1y5e0ej-0 sc-htpNat kmHAwx"
  >
    <div
      class="react-reveal"
      style="opacity: 1;"
    >
      <div
        data-test="block-"
        class="PaddedRow-qwtz4d-0 glcQGC"
      >
        <div
          class="Block__Content-sc-73lkvi-0 cmDqNt"
        >
          <div
            class="Block__TitleWrap-sc-73lkvi-1 jjTrxf"
          >
            <h3
              class="H3-sc-13x7erc-0 cKRnEQ"
            >
              Vi är Iteam
            </h3>
          </div>
          <div
            class="Block__Text-sc-73lkvi-3 jzbETd"
          >
            <div
              class="Paragraph__StyledParagraph-sc-18re3wf-0 kFBGJT"
            >
              <div>
                <p>
                  Vi är en digital utvecklingsbyrå med kontor i Stockholm och Göteborg. Totalt är vi är 35 utvecklare, värdecoacher,  UX-designers och stateger som drivs av tre grundläggande värderingar - att göra något bra, att ha kul och att skapa värde. 
                </p>
                <p>
                  Vi kombinerar strategi, kod och kultur för att ta fram digitala lösningar som möter användarnas behov. Vi utvecklar inte bara appar. Vi tar ett helhetligt perspektiv på din affär för att skapa förändring på riktigt. Vi leder förändringsarbetet och hjälper er att digitalisera er affär.
                </p>
              </div>
            </div>
          </div>
        </div>
      </div>
    </div>
    <div
      class="react-reveal"
      style="opacity: 1;"
    >
      <div
        data-test="block-"
        class="PaddedRow-qwtz4d-0 glcQGC"
      >
        <div
          class="Block__Content-sc-73lkvi-0 cmDqNt"
        >
          <div
            class="Block__TitleWrap-sc-73lkvi-1 jjTrxf"
          >
            <h3
              class="H3-sc-13x7erc-0 cKRnEQ"
            >
              Vi erbjuder
            </h3>
          </div>
          <div
            class="Block__Text-sc-73lkvi-3 jzbETd"
          >
            <div
              class="Paragraph__StyledParagraph-sc-18re3wf-0 kFBGJT"
            >
              <div>
                <p>
                  Med ett långsiktigt engagemang hjälper våra kunder att navigera i den digitala världen. Vi omvandlar visioner till verkliget, utmanar föråldrade metoder och tillsammans med er utvecklar vi digitala tjänster som era kunder älskar att använda.
                </p>
              </div>
            </div>
          </div>
        </div>
      </div>
    </div>
    <div
      class="ImageBlock__Content-sc-15ih60h-0 hVrqrK"
    >
      <img
        src="test-file-stub"
        class="ImageBlock__ImageContainer-sc-15ih60h-1 efhZFd"
      />
    </div>
    <div
      class="react-reveal"
      style="opacity: 1;"
    >
      <div
        data-test="block-"
        class="PaddedRow-qwtz4d-0 glcQGC"
      >
        <div
          class="Block__Content-sc-73lkvi-0 cmDqNt"
        >
          <div
            class="Block__TitleWrap-sc-73lkvi-1 jjTrxf"
          >
            <h3
              class="H3-sc-13x7erc-0 cKRnEQ"
            >
              Vår metod
            </h3>
          </div>
          <div
            class="Block__Text-sc-73lkvi-3 jzbETd"
          >
            <div
              class="Paragraph__StyledParagraph-sc-18re3wf-0 kFBGJT"
            >
              <div>
                <p>
                  Vi har varit verksamma som digital innovationsbyrå i över 20 år. Så vi vet att glädje,  teknisk spetskompetens och strategiska perspektiv är viktigt. Men det är när personer med olika kompetenser och varierande bakgrunder samarbetar i tvärfunktionella team som innovation verkligen sker. Det är därför som jobbar vi alltid i team tillsammans med våra kunder. 
                </p>
              </div>
            </div>
          </div>
        </div>
      </div>
    </div>
  </div>
  <div
    class="CTABlock__BlockWrapper-sc-1dha9r9-0 fRfYTD"
  >
    <div
      class="GridColumn__GridColumnClean-sc-1y5e0ej-0 sc-htpNat kmHAwx"
    >
      <div
        data-test="block-"
        class="PaddedRow-qwtz4d-0 glcQGC"
      >
        <div
          class="CTABlock__Content-sc-1dha9r9-1 kQKBtN"
        >
          <img
            src="test-file-stub"
          />
          <div>
            <h3
              class="H3-sc-13x7erc-0 cKRnEQ"
            >
              Nyfiken på vad vi kan åstadkomma tillsammans?
            </h3>
            <div
              class="CTABlock__Text-sc-1dha9r9-2 hBwMAL"
            >
              Hör av dig till oss så pratar vi vidare.
            </div>
            <a
              href="mailto:info@iteam.se"
              class="sc-htoDjs ekgEfr"
            >
              Kontakta oss
            </a>
          </div>
        </div>
      </div>
    </div>
  </div>
</div>
`;
