// Jest Snapshot v1, https://goo.gl/fbAQLP

exports[`components/NotFound renders NotFound 1`] = `
<div>
  <div
    class="GridColumn__GridColumnClean-sc-1y5e0ej-0 sc-EHOje bApAQr"
  >
    <div
      class="GridColumn__GridColumnClean-sc-1y5e0ej-0 sc-htpNat fLNxzH"
    >
      <div
        class="HeaderClean__Content-nmswwc-2 dmOnMv"
      >
        <div
          class="HeaderClean__Header-nmswwc-0 frpPwv"
        >
          <a
            class="sc-bwzfXH crrApc"
          >
            <img
              alt="Logo"
              src="test-file-stub"
              class="HeaderClean__Logo-nmswwc-1 goZBhG"
            />
          </a>
        </div>
      </div>
    </div>
    <div
      class="NotFound__Content-xslswo-0 gCWvuc"
    >
      <img
        alt="broken"
        src="test-file-stub"
        class="NotFound__Broken-xslswo-1 kmugLl"
      />
      <div
        class="NotFound__Message-xslswo-2 ionwZv"
      >
        <h1
          class="H1-sc-1we7oaz-0 sc-bZQynM glXzNS"
        >
          Oj, någonting gick snett!
        </h1>
        <div
          class="Paragraph__StyledParagraph-sc-18re3wf-0 kFBGJT"
        >
          <div>
            <p>
              404 error. Eller som man säger på svenska, något har blivit fel. Tyvärr finns inte sidan du försökte nå, antingen är länken fel eller så har sidan flyttats. Men du behöver inte oroa dig, vi ska göra allt vi kan för att detta inte ska hända igen.
            </p>
          </div>
        </div>
        <a
          class="sc-bxivhb sc-gzVnrw kyAMuE"
        >
          Ta mig till startsidan
        </a>
      </div>
    </div>
  </div>
</div>
`;
