// Jest Snapshot v1, https://goo.gl/fbAQLP

exports[`components/OpenPosition renders OpenPosition 1`] = `
<div>
  <div>
    <div
      class="GridColumn__GridColumnClean-sc-1y5e0ej-0 sc-kkGfuU dQFquQ"
    >
      <div
        class="Header__Content-dm3ycw-0 beGtUJ"
      >
        <div
          class="Navigation__Wrap-fdgx9g-0 ehbMFf"
        >
          <a
            class="sc-jKJlTe bIUarX"
          >
            <img
              data-testid="logo"
              path="test-file-stub"
              class="sc-eNQAEJ gYmRno"
            />
          </a>
          <div
            class="Navigation__NavigationItems-fdgx9g-2 eVDHVt"
          >
            <a
              class="sc-hMqMXs fILlfv"
              aria-current="false"
            >
              Erbjudanden
            </a>
            <a
              class="sc-hMqMXs fILlfv"
              aria-current="false"
            >
              Våra case
            </a>
            <a
              class="sc-hMqMXs fILlfv"
              aria-current="false"
            >
              Metod
            </a>
            <a
              class="sc-hMqMXs fILlfv"
              aria-current="false"
            >
              Medarbetare
            </a>
            <a
              class="sc-hMqMXs fILlfv active-nav"
              aria-current="true"
            >
              Karriär
            </a>
            <a
              class="sc-hMqMXs fILlfv"
              aria-current="false"
            >
              Om
            </a>
            <a
              target="_blank"
              rel="noopener noreferrer"
              href="https://blog.iteam.life/"
              class="NativeLink-fvundc-0 sc-kEYyzF grsRKu"
            >
              Labs
            </a>
            <div
              class="Navigation__Indicator-fdgx9g-1 bOcqdk"
            />
          </div>
        </div>
        <div
          class="Header__MessageRow-dm3ycw-1 cbRVND"
        >
          <h1
            class="H1-sc-1we7oaz-0 sc-iAyFgw bOBImS"
          >
            <span
              class="Header__MessageLine-dm3ycw-2 iOLoPT"
            >
              UX Designer
            </span>
            <br />
            <span
              class="Header__MessageLine-dm3ycw-2 iOLoPT"
            >
              Stockholm
            </span>
          </h1>
        </div>
      </div>
    </div>
  </div>
  <div
    class="GridColumn__GridColumnClean-sc-1y5e0ej-0 sc-htpNat kmHAwx"
  >
    <div
      data-test="breadcrumbs"
      class="PaddedRow-qwtz4d-0 sc-bwzfXH eaLDDC"
    >
      <a>
        <span
          class="Breadcrumbs__StyledSpan-sc-1ydztqh-0 kmHyGa"
        >
          Karriär
        </span>
      </a>
      <span>
        Din roll
      </span>
    </div>
    <div
      class="react-reveal"
      style="opacity: 1;"
    >
      <div
        data-test="block-"
        class="PaddedRow-qwtz4d-0 glcQGC"
      >
        <div
          class="Block__Content-sc-73lkvi-0 cmDqNt"
        >
          <div
            class="Block__TitleWrap-sc-73lkvi-1 jjTrxf"
          >
            <h3
              class="H3-sc-13x7erc-0 cKRnEQ"
            >
              Din roll
            </h3>
          </div>
          <div
            class="Block__Text-sc-73lkvi-3 jzbETd"
          >
            <div
              class="Paragraph__StyledParagraph-sc-18re3wf-0 kFBGJT"
            >
              <div>
                <p>
                  Som UX designer på Iteam är din roll att hjälpa våra kunder med digitala lösningar som skapar värde på riktigt. Som gör något bra både för kunden, slutanvändaren och samhället. Med hjälp av olika researchmetoder undersöker du både användarens och kundens behov och kontext, samt definierar och testar användarupplevelser.
                </p>
                <p>
                  Du delar med dig av din kunskap inom user experience. Du förstår också att om lösningar ska vara verkligt användarvänliga behöver även arbetsprocesserna och kulturen vara användarcentrerad. Vi strävar mot att UX aldrig ska få vara bara en fas eller en eftertanke. Det ska genomsyra hela projektet. Alltid. 
                </p>
              </div>
            </div>
          </div>
        </div>
      </div>
    </div>
    <div
      class="react-reveal"
      style="opacity: 1;"
    >
      <div
        data-test="block-"
        class="PaddedRow-qwtz4d-0 glcQGC"
      >
        <div
          class="Block__Content-sc-73lkvi-0 cmDqNt"
        >
          <div
            class="Block__TitleWrap-sc-73lkvi-1 jjTrxf"
          >
            <h3
              class="H3-sc-13x7erc-0 cKRnEQ"
            >
              Du behöver kunna
            </h3>
          </div>
          <div
            class="Block__Text-sc-73lkvi-3 jzbETd"
          >
            <div
              class="Paragraph__StyledParagraph-sc-18re3wf-0 kFBGJT"
            >
              <div>
                <ul>
                  <li>
                    Kvalitativa researchmetoder (t.ex. användbarhetstester, observationer, intervjuer och workshops)
                  </li>
                  <li>
                    Kommunicera dina insikter med hjälp av lämpliga leverabler (t.ex. rapporter, användarresor, prototyper eller skrynkliga pappersskisser)
                  </li>
                  <li>
                    Interaktionsdesign
                  </li>
                  <li>
                    Vara användarens representant i projekt och stötta både kollegor och kunder med användarens perspektiv
                  </li>
                  <li>
                    Jobba agilt
                  </li>
                  <li>
                    Arbeta korsfunktionellt och förstå behoven hos kollegor ur andra yrkesgrupper
                  </li>
                  <li>
                    Goda kunskaper i engelska (för att kunna kommincera med dina kollegor)
                  </li>
                  <li>
                    Goda kunskaper i svenska (för att kunna genomföra användarstudier i kontexter där det primära användarspråket är svenska)
                  </li>
                </ul>
              </div>
            </div>
          </div>
        </div>
      </div>
    </div>
    <div
      class="react-reveal"
      style="opacity: 1;"
    >
      <div
        data-test="block-"
        class="PaddedRow-qwtz4d-0 glcQGC"
      >
        <div
          class="Block__Content-sc-73lkvi-0 cmDqNt"
        >
          <div
            class="Block__TitleWrap-sc-73lkvi-1 jjTrxf"
          >
            <h3
              class="H3-sc-13x7erc-0 cKRnEQ"
            >
              Plus i kanten
            </h3>
          </div>
          <div
            class="Block__Text-sc-73lkvi-3 jzbETd"
          >
            <div
              class="Paragraph__StyledParagraph-sc-18re3wf-0 kFBGJT"
            >
              <div>
                <ul>
                  <li>
                    Kvantitativa researchmetoder (t.ex. enkäter och användningsdata i Google Analytics)
                  </li>
                  <li>
                    Förståelse för den tekniska miljö dina lösningar kommer att implementeras i (t.ex. grundläggande HTML och CSS)
                  </li>
                  <li>
                    Utbildning inom interaktionsdesign, människa-datorinteraktion, beteendevetenskap, kognitionspsykologi, digital design eller närliggande område
                  </li>
                </ul>
              </div>
            </div>
          </div>
        </div>
      </div>
    </div>
    <img
      src="//images.ctfassets.net/rj4r6yfcesw5/62hgzE8G3ueMa2YSEuG4og/db2b643db6041f9d26936bc2d6006607/bleed_howwework.jpg"
      class="ImageBleed__ImageContainer-sc-1jaho49-0 kEiPqu"
    />
    <div
      class="react-reveal"
      style="opacity: 1;"
    >
      <div
        data-test="block-"
        class="PaddedRow-qwtz4d-0 glcQGC"
      >
        <div
          class="Block__Content-sc-73lkvi-0 cmDqNt"
        >
          <div
            class="Block__TitleWrap-sc-73lkvi-1 jjTrxf"
          >
            <h3
              class="H3-sc-13x7erc-0 cKRnEQ"
            >
              Om oss
            </h3>
          </div>
          <div
            class="Block__Text-sc-73lkvi-3 jzbETd"
          >
            <div
              class="Paragraph__StyledParagraph-sc-18re3wf-0 kFBGJT"
            >
              <div>
                <p>
                  Vi digitaliserar företag och organisationer genom strategi, kod och kultur. Med hjälp av de tre bitarna skapar vi innovativa tekniska lösningar som skapar värde, gör något bra för samhället och låter oss ha roligt längs vägen.
                </p>
                <p>
                  Våra kunder har spännande utmaningar både tekniskt och affärsmässigt, och stor potential att göra skillnad inom sina områden. Vi jobbar bland annat med Taxi Stockholm, Vimla, Läkare utan gränser och Arbetsförmedlingen.
                </p>
                <p>
                  Vi är ca 30 personer fördelade i Stockholm och Göteborg. Hos oss tar du av dig skorna vid dörren och känner dig som hemma. Vi lär oss ständigt nya saker av varandra - genom mentorskap, utbyte inom projekt, måndagsfrukostar, kodlunch eller under labbtimmarna. Vi har kul tillsammans och tar hand om varandra i vardagen, löparspåret, på yogamattan, spelkvällar, after works och vid andra speciella tillfällen. Vi arbetar aktivt för att sätta ihop team med så varierande och kompletterande bakgrund som möjligt – oavsett om det gäller kön, könsidentitet och -uttryck, etnisk tillhörighet, religion och trosuppfattning, funktionalitet, sexuell läggning, ålder, utbildning eller social bakgrund. Våra team är alltid korsfunktionella. Alltid agila. Alltid nära beställaren, deras anställda, användare och intressenter.
                </p>
              </div>
            </div>
          </div>
        </div>
      </div>
    </div>
    <div
      class="react-reveal"
      style="opacity: 1;"
    >
      <div
        data-test="block-"
        class="PaddedRow-qwtz4d-0 glcQGC"
      >
        <div
          class="Block__Content-sc-73lkvi-0 cmDqNt"
        >
          <div
            class="Block__TitleWrap-sc-73lkvi-1 jjTrxf"
          >
            <h3
              class="H3-sc-13x7erc-0 cKRnEQ"
            >
              Några av våra bonusar
            </h3>
          </div>
          <div
            class="Block__Text-sc-73lkvi-3 jzbETd"
          >
            <div
              class="Paragraph__StyledParagraph-sc-18re3wf-0 kFBGJT"
            >
              <div>
                <ul>
                  <li>
                    6 veckors semester
                  </li>
                  <li>
                    Kodluncher varje fredag för gemensamt lärande inkl lunch
                  </li>
                  <li>
                    Ingen förväntad övertid
                  </li>
                  <li>
                    Förmånligt friskvårdsbidrag och fokus på välmående
                  </li>
                  <li>
                    Förmånligt pensionssystem
                  </li>
                  <li>
                    Bonus vid slutet av ett bra år
                  </li>
                  <li>
                    Mentorskap mellan arbetskamrater
                  </li>
                  <li>
                    Individuell budget för kompetensutveckling
                  </li>
                </ul>
              </div>
            </div>
          </div>
        </div>
      </div>
    </div>
    <div
      class="react-reveal"
      style="opacity: 1;"
    >
      <div
        data-test="block-"
        class="PaddedRow-qwtz4d-0 glcQGC"
      >
        <div
          class="Block__Content-sc-73lkvi-0 cmDqNt"
        >
          <div
            class="Block__TitleWrap-sc-73lkvi-1 jjTrxf"
          >
            <h3
              class="H3-sc-13x7erc-0 cKRnEQ"
            >
              Teknikaliteter
            </h3>
          </div>
          <div
            class="Block__Text-sc-73lkvi-3 jzbETd"
          >
            <div
              class="Paragraph__StyledParagraph-sc-18re3wf-0 kFBGJT"
            >
              <div>
                <p>
                  <strong>
                    Några av våra kunder:
                  </strong>
                  Taxi Stockholm, Vimla, Swedbank, Läkare Utan Gränser, Arbetsförmedlningen, Alcro Beckers, Scania, SoundIdeas.
                </p>
                <p>
                  <strong>
                    Anställningsform:
                  </strong>
                  Tillsvidareanställning. 6 månaders provanställning, sedan fast anställning.
                </p>
                <p>
                  <strong>
                    Plats:
                  </strong>
                  Stockholm.
                </p>
                <p>
                  <strong>
                    Start:
                  </strong>
                  Omgående.
                </p>
              </div>
            </div>
          </div>
        </div>
      </div>
    </div>
    <div
      class="react-reveal"
      style="opacity: 1;"
    >
      <div
        data-test="block-"
        class="PaddedRow-qwtz4d-0 glcQGC"
      >
        <div
          class="Block__Content-sc-73lkvi-0 cmDqNt"
        >
          <div
            class="Block__TitleWrap-sc-73lkvi-1 jjTrxf"
          >
            <h3
              class="H3-sc-13x7erc-0 cKRnEQ"
            >
              Ansökan
            </h3>
          </div>
          <div
            class="Block__Text-sc-73lkvi-3 jzbETd"
          >
            <div
              class="Paragraph__StyledParagraph-sc-18re3wf-0 kFBGJT"
            >
              <div>
                <p>
                  Maila CV, personligt brev och beskrivning av ett case till: 
                  <a
                    href="mailto:work@iteam.se"
                  >
                    work@iteam.se
                  </a>
                </p>
              </div>
            </div>
          </div>
        </div>
      </div>
    </div>
  </div>
</div>
`;
