// Jest Snapshot v1, https://goo.gl/fbAQLP

exports[`components/Team renders TeamMember 1`] = `
<div>
  <div
    class="TeamMember-t9t8cg-0 efnPfF"
  >
    <div>
      <div
        class="GridColumn__GridColumnClean-sc-1y5e0ej-0 sc-kkGfuU fdtGCh"
      >
        <div
          class="Header__Content-dm3ycw-0 beGtUJ"
        >
          <div
            class="Navigation__Wrap-fdgx9g-0 ehbMFf"
          >
            <a
              class="sc-jKJlTe bIUarX"
            >
              <img
                data-testid="logo"
                path="test-file-stub"
                class="sc-eNQAEJ gYmRno"
              />
            </a>
            <div
              class="Navigation__NavigationItems-fdgx9g-2 eVDHVt"
            >
              <a
                class="sc-hMqMXs fILlfv"
                aria-current="false"
              >
                Erbjudanden
              </a>
              <a
                class="sc-hMqMXs fILlfv"
                aria-current="false"
              >
                Våra case
              </a>
              <a
                class="sc-hMqMXs fILlfv"
                aria-current="false"
              >
                Metod
              </a>
              <a
                class="sc-hMqMXs fILlfv active-nav"
                aria-current="true"
              >
                Medarbetare
              </a>
              <a
                class="sc-hMqMXs fILlfv"
                aria-current="false"
              >
                Karriär
              </a>
              <a
                class="sc-hMqMXs fILlfv"
                aria-current="false"
              >
                Om
              </a>
              <a
                target="_blank"
                rel="noopener noreferrer"
                href="https://blog.iteam.life/"
                class="NativeLink-fvundc-0 sc-kEYyzF grsRKu"
              >
                Labs
              </a>
              <div
                class="Navigation__Indicator-fdgx9g-1 bOcqdk"
              />
            </div>
          </div>
          <div
            class="Header__MessageRow-dm3ycw-1 cbRVND"
          >
            <h1
              class="H1-sc-1we7oaz-0 sc-iAyFgw bOBImS"
            >
              <span
                class="Header__MessageLine-dm3ycw-2 iOLoPT"
              >
                Rickard Laurin
              </span>
              <br />
              <span
                class="Header__MessageLine-dm3ycw-2 iOLoPT"
              >
                Webbutvecklare
              </span>
            </h1>
          </div>
        </div>
      </div>
    </div>
    <div
      class="GridColumn__GridColumnClean-sc-1y5e0ej-0 sc-htpNat kmHAwx"
    >
      <div
        data-test="breadcrumbs"
        class="PaddedRow-qwtz4d-0 sc-bwzfXH eaLDDC"
      >
        <a>
          <span
            class="Breadcrumbs__StyledSpan-sc-1ydztqh-0 kmHyGa"
          >
            Medarbetare
          </span>
        </a>
        <span>
          Rickard Laurin
        </span>
      </div>
      <div
        class="react-reveal"
        style="opacity: 1;"
      >
        <div
          data-test="block-"
          class="PaddedRow-qwtz4d-0 glcQGC"
        >
          <div
            class="Block__Content-sc-73lkvi-0 cmDqNt"
          >
            <div
              class="Block__TitleWrap-sc-73lkvi-1 jjTrxf"
            >
              <h3
                class="H3-sc-13x7erc-0 cKRnEQ"
              >
                Kontakt
              </h3>
            </div>
            <div
              class="Block__Text-sc-73lkvi-3 jzbETd"
            >
              <ul
                class="UnstyledList-sc-47y4yg-0 cyDAf"
              >
                <li>
                  <a
                    href="mailto:rickard.laurin@iteam.se"
                    class="NativeLink-fvundc-0 sc-dxgOiQ kCSnXk"
                  >
                    rickard.laurin@iteam.se
                  </a>
                </li>
              </ul>
            </div>
          </div>
        </div>
      </div>
      <div
        class="react-reveal"
        style="opacity: 1;"
      >
        <div
          data-test="block-"
          class="PaddedRow-qwtz4d-0 glcQGC"
        >
          <div
            class="Block__Content-sc-73lkvi-0 cmDqNt"
          >
            <div
              class="Block__TitleWrap-sc-73lkvi-1 jjTrxf"
            >
              <h3
                class="H3-sc-13x7erc-0 cKRnEQ"
              >
                Varför jobbar du med teknik?
              </h3>
            </div>
            <div
              class="Block__Text-sc-73lkvi-3 jzbETd"
            >
              <div
                class="Paragraph__StyledParagraph-sc-18re3wf-0 kFBGJT"
              >
                <div>
                  <p>
                    In the early 90's my family got its first 286, it was love at first sight. In my teen years I played a lot of Delta Force and started developing the clan websites. Until I started at KTH I only did minor hobby projects. There I managed my chapters website and assisted younger students in MATLAB. This is when I realized what I really wanted to work with, building beautiful websites.
                  </p>
                </div>
              </div>
            </div>
          </div>
        </div>
      </div>
      <div
        class="react-reveal"
        style="opacity: 1;"
      >
        <div
          data-test="block-"
          class="PaddedRow-qwtz4d-0 glcQGC"
        >
          <div
            class="Block__Content-sc-73lkvi-0 cmDqNt"
          >
            <div
              class="Block__TitleWrap-sc-73lkvi-1 jjTrxf"
            >
              <h3
                class="H3-sc-13x7erc-0 cKRnEQ"
              >
                Bakgrund
              </h3>
            </div>
            <div
              class="Block__Text-sc-73lkvi-3 jzbETd"
            >
              <div
                class="Paragraph__StyledParagraph-sc-18re3wf-0 kFBGJT"
              >
                <div>
                  <p>
                    Materials Science and Engineering at KTH (Royal Institute of Technology). Interaction designer at Nackademin.
                  </p>
                </div>
              </div>
            </div>
          </div>
        </div>
      </div>
      <div
        class="react-reveal"
        style="opacity: 1;"
      >
        <div
          data-test="block-"
          class="PaddedRow-qwtz4d-0 glcQGC"
        >
          <div
            class="Block__Content-sc-73lkvi-0 cmDqNt"
          >
            <div
              class="Block__TitleWrap-sc-73lkvi-1 jjTrxf"
            >
              <h3
                class="H3-sc-13x7erc-0 cKRnEQ"
              >
                Specialistkompetens
              </h3>
            </div>
            <div
              class="Block__Text-sc-73lkvi-3 jzbETd"
            >
              <div
                class="Paragraph__StyledParagraph-sc-18re3wf-0 kFBGJT"
              >
                <div>
                  <p>
                    HTML5, CSS and JavaScript.
                  </p>
                </div>
              </div>
            </div>
          </div>
        </div>
      </div>
    </div>
  </div>
</div>
`;
