// Jest Snapshot v1, https://goo.gl/fbAQLP

exports[`components/Team renders Team 1`] = `
<div>
  <div>
    <div
      class="GridColumn__GridColumnClean-sc-1y5e0ej-0 sc-kkGfuU jcbKtj"
    >
      <div
        class="Header__Content-dm3ycw-0 beGtUJ"
      >
        <div
          class="Navigation__Wrap-fdgx9g-0 ehbMFf"
        >
          <a
            class="sc-jKJlTe bIUarX"
          >
            <img
              data-testid="logo"
              path="test-file-stub"
              class="sc-eNQAEJ gYmRno"
            />
          </a>
          <div
            class="Navigation__NavigationItems-fdgx9g-2 eVDHVt"
          >
            <a
              class="sc-hMqMXs fILlfv"
              aria-current="false"
            >
              Erbjudanden
            </a>
            <a
              class="sc-hMqMXs fILlfv"
              aria-current="false"
            >
              Våra case
            </a>
            <a
              class="sc-hMqMXs fILlfv"
              aria-current="false"
            >
              Metod
            </a>
            <a
              class="sc-hMqMXs fILlfv"
              aria-current="false"
            >
              Medarbetare
            </a>
            <a
              class="sc-hMqMXs fILlfv"
              aria-current="false"
            >
              Karriär
            </a>
            <a
              class="sc-hMqMXs fILlfv"
              aria-current="false"
            >
              Om
            </a>
            <a
              target="_blank"
              rel="noopener noreferrer"
              href="https://blog.iteam.life/"
              class="NativeLink-fvundc-0 sc-kEYyzF grsRKu"
            >
              Labs
            </a>
            <div
              class="Navigation__Indicator-fdgx9g-1 bOcqdk"
            />
          </div>
        </div>
        <div
          class="Header__MessageRow-dm3ycw-1 cbRVND"
        >
          <h1
            class="H1-sc-1we7oaz-0 sc-iAyFgw bOBImS"
          >
            <span
              class="Header__MessageLine-dm3ycw-2 iOLoPT"
            >
              Det är vi som är Iteam
            </span>
          </h1>
        </div>
      </div>
    </div>
  </div>
  <div
    class="GridColumn__GridColumnClean-sc-1y5e0ej-0 sc-bwzfXH hpcCKS"
  >
    <div
      class="PaddedRow-qwtz4d-0 sc-bdVaJa HChwM"
    >
      <div
        data-test="filter-"
        tabindex="0"
        class="Filter__Wrap-mppe0o-0 ccMcoo"
      >
        Alla
      </div>
      <div
        data-test="filter-Stockholm"
        tabindex="0"
        class="Filter__Wrap-mppe0o-0 qxpJU"
      >
        Stockholm
      </div>
      <div
        data-test="filter-Göteborg"
        tabindex="0"
        class="Filter__Wrap-mppe0o-0 qxpJU"
      >
        Göteborg
      </div>
    </div>
    <div
      class="GridColumn__GridColumnClean-sc-1y5e0ej-0 sc-bZQynM svAwu"
    >
      <div
        class="TeamMembers__Members-zojp0w-0 eTvNth"
      >
        <div
          class="Colleague-sc-1lhltsp-0 bxBxSP"
        >
          <a
            class="sc-htpNat kDzZbW"
          >
            <div
              class="TeamPageMember__AvatarWrap-ngt1y6-2 ehUcrz"
            >
              <div>
                <img
                  alt="Cookie M"
                  src=""
                  class="Avatar__AvatarImage-sc-1si56gp-0 blHcLW"
                />
              </div>
            </div>
          </a>
          <div
            class="TeamPageMember__Name-ngt1y6-0 kONqkV"
          >
            Cookie M
          </div>
          <div
            class="TeamPageMember__Title-ngt1y6-1 hVIguW"
          >
            Cookie master
          </div>
          <div
            class="TeamPageMember__PhoneNumberWrap-ngt1y6-3 JeHJQ"
          >
            <a
              href="tel:0701234567"
              class="NativeLink-fvundc-0 sc-EHOje goTsLn"
            >
              070-123 45 67
            </a>
          </div>
          <a
            href="mailto:cm@sesame.com"
            class="NativeLink-fvundc-0 sc-ifAKCX cASXVu"
          >
            cm@sesame.com
          </a>
        </div>
        <div
          class="Colleague-sc-1lhltsp-0 bxBxSP"
        >
          <a
            class="sc-htpNat kDzZbW"
          >
            <div
              class="TeamPageMember__AvatarWrap-ngt1y6-2 ehUcrz"
            >
              <div>
                <img
                  alt="Count van Count"
                  src=""
                  class="Avatar__AvatarImage-sc-1si56gp-0 blHcLW"
                />
              </div>
            </div>
          </a>
          <div
            class="TeamPageMember__Name-ngt1y6-0 kONqkV"
          >
            Count van Count
          </div>
          <div
            class="TeamPageMember__Title-ngt1y6-1 hVIguW"
          >
            1 ahahah
          </div>
          <div
            class="TeamPageMember__PhoneNumberWrap-ngt1y6-3 JeHJQ"
          >
            <a
              href="tel:0707654321"
              class="NativeLink-fvundc-0 sc-EHOje goTsLn"
            >
              070-765 43 21
            </a>
          </div>
          <a
            href="mailto:count@sesame.com"
            class="NativeLink-fvundc-0 sc-ifAKCX cASXVu"
          >
            count@sesame.com
          </a>
        </div>
      </div>
    </div>
  </div>
</div>
`;

exports[`components/Team should handle changing location using keyboard 1`] = `
<div>
  <div>
    <div
      class="GridColumn__GridColumnClean-sc-1y5e0ej-0 sc-kkGfuU jcbKtj"
    >
      <div
        class="Header__Content-dm3ycw-0 beGtUJ"
      >
        <div
          class="Navigation__Wrap-fdgx9g-0 ehbMFf"
        >
          <a
            class="sc-jKJlTe bIUarX"
          >
            <img
              data-testid="logo"
              path="test-file-stub"
              class="sc-eNQAEJ gYmRno"
            />
          </a>
          <div
            class="Navigation__NavigationItems-fdgx9g-2 eVDHVt"
          >
            <a
              class="sc-hMqMXs fILlfv"
              aria-current="false"
            >
              Erbjudanden
            </a>
            <a
              class="sc-hMqMXs fILlfv"
              aria-current="false"
            >
              Våra case
            </a>
            <a
              class="sc-hMqMXs fILlfv"
              aria-current="false"
            >
              Metod
            </a>
            <a
              class="sc-hMqMXs fILlfv"
              aria-current="false"
            >
              Medarbetare
            </a>
            <a
              class="sc-hMqMXs fILlfv"
              aria-current="false"
            >
              Karriär
            </a>
            <a
              class="sc-hMqMXs fILlfv"
              aria-current="false"
            >
              Om
            </a>
            <a
              target="_blank"
              rel="noopener noreferrer"
              href="https://blog.iteam.life/"
              class="NativeLink-fvundc-0 sc-kEYyzF grsRKu"
            >
              Labs
            </a>
            <div
              class="Navigation__Indicator-fdgx9g-1 bOcqdk"
            />
          </div>
        </div>
        <div
          class="Header__MessageRow-dm3ycw-1 cbRVND"
        >
          <h1
            class="H1-sc-1we7oaz-0 sc-iAyFgw bOBImS"
          >
            <span
              class="Header__MessageLine-dm3ycw-2 iOLoPT"
            >
              Det är vi som är Iteam
            </span>
          </h1>
        </div>
      </div>
    </div>
  </div>
  <div
    class="GridColumn__GridColumnClean-sc-1y5e0ej-0 sc-bwzfXH hpcCKS"
  >
    <div
      class="PaddedRow-qwtz4d-0 sc-bdVaJa HChwM"
    >
      <div
        data-test="filter-"
        tabindex="0"
        class="Filter__Wrap-mppe0o-0 ccMcoo"
      >
        Alla
      </div>
      <div
        data-test="filter-Stockholm"
        tabindex="0"
        class="Filter__Wrap-mppe0o-0 qxpJU"
      >
        Stockholm
      </div>
      <div
        data-test="filter-Göteborg"
        tabindex="0"
        class="Filter__Wrap-mppe0o-0 qxpJU"
      >
        Göteborg
      </div>
    </div>
    <div
      class="GridColumn__GridColumnClean-sc-1y5e0ej-0 sc-bZQynM svAwu"
    >
      <div
        class="TeamMembers__Members-zojp0w-0 eTvNth"
      >
        <div
          class="Colleague-sc-1lhltsp-0 bxBxSP"
        >
          <a
            class="sc-htpNat kDzZbW"
          >
            <div
              class="TeamPageMember__AvatarWrap-ngt1y6-2 ehUcrz"
            >
              <div>
                <img
                  alt="Cookie M"
                  src=""
                  class="Avatar__AvatarImage-sc-1si56gp-0 blHcLW"
                />
              </div>
            </div>
          </a>
          <div
            class="TeamPageMember__Name-ngt1y6-0 kONqkV"
          >
            Cookie M
          </div>
          <div
            class="TeamPageMember__Title-ngt1y6-1 hVIguW"
          >
            Cookie master
          </div>
          <div
            class="TeamPageMember__PhoneNumberWrap-ngt1y6-3 JeHJQ"
          >
            <a
              href="tel:0701234567"
              class="NativeLink-fvundc-0 sc-EHOje goTsLn"
            >
              070-123 45 67
            </a>
          </div>
          <a
            href="mailto:cm@sesame.com"
            class="NativeLink-fvundc-0 sc-ifAKCX cASXVu"
          >
            cm@sesame.com
          </a>
        </div>
        <div
          class="Colleague-sc-1lhltsp-0 bxBxSP"
        >
          <a
            class="sc-htpNat kDzZbW"
          >
            <div
              class="TeamPageMember__AvatarWrap-ngt1y6-2 ehUcrz"
            >
              <div>
                <img
                  alt="Count van Count"
                  src=""
                  class="Avatar__AvatarImage-sc-1si56gp-0 blHcLW"
                />
              </div>
            </div>
          </a>
          <div
            class="TeamPageMember__Name-ngt1y6-0 kONqkV"
          >
            Count van Count
          </div>
          <div
            class="TeamPageMember__Title-ngt1y6-1 hVIguW"
          >
            1 ahahah
          </div>
          <div
            class="TeamPageMember__PhoneNumberWrap-ngt1y6-3 JeHJQ"
          >
            <a
              href="tel:0707654321"
              class="NativeLink-fvundc-0 sc-EHOje goTsLn"
            >
              070-765 43 21
            </a>
          </div>
          <a
            href="mailto:count@sesame.com"
            class="NativeLink-fvundc-0 sc-ifAKCX cASXVu"
          >
            count@sesame.com
          </a>
        </div>
      </div>
    </div>
  </div>
</div>
`;

exports[`components/Team should handle changing location using mouse 1`] = `
<div>
  <div>
    <div
      class="GridColumn__GridColumnClean-sc-1y5e0ej-0 sc-kkGfuU jcbKtj"
    >
      <div
        class="Header__Content-dm3ycw-0 beGtUJ"
      >
        <div
          class="Navigation__Wrap-fdgx9g-0 ehbMFf"
        >
          <a
            class="sc-jKJlTe bIUarX"
          >
            <img
              data-testid="logo"
              path="test-file-stub"
              class="sc-eNQAEJ gYmRno"
            />
          </a>
          <div
            class="Navigation__NavigationItems-fdgx9g-2 eVDHVt"
          >
            <a
              class="sc-hMqMXs fILlfv"
              aria-current="false"
            >
              Erbjudanden
            </a>
            <a
              class="sc-hMqMXs fILlfv"
              aria-current="false"
            >
              Våra case
            </a>
            <a
              class="sc-hMqMXs fILlfv"
              aria-current="false"
            >
              Metod
            </a>
            <a
              class="sc-hMqMXs fILlfv"
              aria-current="false"
            >
              Medarbetare
            </a>
            <a
              class="sc-hMqMXs fILlfv"
              aria-current="false"
            >
              Karriär
            </a>
            <a
              class="sc-hMqMXs fILlfv"
              aria-current="false"
            >
              Om
            </a>
            <a
              target="_blank"
              rel="noopener noreferrer"
              href="https://blog.iteam.life/"
              class="NativeLink-fvundc-0 sc-kEYyzF grsRKu"
            >
              Labs
            </a>
            <div
              class="Navigation__Indicator-fdgx9g-1 bOcqdk"
            />
          </div>
        </div>
        <div
          class="Header__MessageRow-dm3ycw-1 cbRVND"
        >
          <h1
            class="H1-sc-1we7oaz-0 sc-iAyFgw bOBImS"
          >
            <span
              class="Header__MessageLine-dm3ycw-2 iOLoPT"
            >
              Det är vi som är Iteam
            </span>
          </h1>
        </div>
      </div>
    </div>
  </div>
  <div
    class="GridColumn__GridColumnClean-sc-1y5e0ej-0 sc-bwzfXH hpcCKS"
  >
    <div
      class="PaddedRow-qwtz4d-0 sc-bdVaJa HChwM"
    >
      <div
        data-test="filter-"
        tabindex="0"
        class="Filter__Wrap-mppe0o-0 ccMcoo"
      >
        Alla
      </div>
      <div
        data-test="filter-Stockholm"
        tabindex="0"
        class="Filter__Wrap-mppe0o-0 qxpJU"
      >
        Stockholm
      </div>
      <div
        data-test="filter-Göteborg"
        tabindex="0"
        class="Filter__Wrap-mppe0o-0 qxpJU"
      >
        Göteborg
      </div>
    </div>
    <div
      class="GridColumn__GridColumnClean-sc-1y5e0ej-0 sc-bZQynM svAwu"
    >
      <div
        class="TeamMembers__Members-zojp0w-0 eTvNth"
      >
        <div
          class="Colleague-sc-1lhltsp-0 bxBxSP"
        >
          <a
            class="sc-htpNat kDzZbW"
          >
            <div
              class="TeamPageMember__AvatarWrap-ngt1y6-2 ehUcrz"
            >
              <div>
                <img
                  alt="Cookie M"
                  src=""
                  class="Avatar__AvatarImage-sc-1si56gp-0 blHcLW"
                />
              </div>
            </div>
          </a>
          <div
            class="TeamPageMember__Name-ngt1y6-0 kONqkV"
          >
            Cookie M
          </div>
          <div
            class="TeamPageMember__Title-ngt1y6-1 hVIguW"
          >
            Cookie master
          </div>
          <div
            class="TeamPageMember__PhoneNumberWrap-ngt1y6-3 JeHJQ"
          >
            <a
              href="tel:0701234567"
              class="NativeLink-fvundc-0 sc-EHOje goTsLn"
            >
              070-123 45 67
            </a>
          </div>
          <a
            href="mailto:cm@sesame.com"
            class="NativeLink-fvundc-0 sc-ifAKCX cASXVu"
          >
            cm@sesame.com
          </a>
        </div>
        <div
          class="Colleague-sc-1lhltsp-0 bxBxSP"
        >
          <a
            class="sc-htpNat kDzZbW"
          >
            <div
              class="TeamPageMember__AvatarWrap-ngt1y6-2 ehUcrz"
            >
              <div>
                <img
                  alt="Count van Count"
                  src=""
                  class="Avatar__AvatarImage-sc-1si56gp-0 blHcLW"
                />
              </div>
            </div>
          </a>
          <div
            class="TeamPageMember__Name-ngt1y6-0 kONqkV"
          >
            Count van Count
          </div>
          <div
            class="TeamPageMember__Title-ngt1y6-1 hVIguW"
          >
            1 ahahah
          </div>
          <div
            class="TeamPageMember__PhoneNumberWrap-ngt1y6-3 JeHJQ"
          >
            <a
              href="tel:0707654321"
              class="NativeLink-fvundc-0 sc-EHOje goTsLn"
            >
              070-765 43 21
            </a>
          </div>
          <a
            href="mailto:count@sesame.com"
            class="NativeLink-fvundc-0 sc-ifAKCX cASXVu"
          >
            count@sesame.com
          </a>
        </div>
      </div>
    </div>
  </div>
</div>
`;

exports[`components/Team should not change using keyboard if not enter or space key 1`] = `
<div>
  <div>
    <div
      class="GridColumn__GridColumnClean-sc-1y5e0ej-0 sc-kkGfuU jcbKtj"
    >
      <div
        class="Header__Content-dm3ycw-0 beGtUJ"
      >
        <div
          class="Navigation__Wrap-fdgx9g-0 ehbMFf"
        >
          <a
            class="sc-jKJlTe bIUarX"
          >
            <img
              data-testid="logo"
              path="test-file-stub"
              class="sc-eNQAEJ gYmRno"
            />
          </a>
          <div
            class="Navigation__NavigationItems-fdgx9g-2 eVDHVt"
          >
            <a
              class="sc-hMqMXs fILlfv"
              aria-current="false"
            >
              Erbjudanden
            </a>
            <a
              class="sc-hMqMXs fILlfv"
              aria-current="false"
            >
              Våra case
            </a>
            <a
              class="sc-hMqMXs fILlfv"
              aria-current="false"
            >
              Metod
            </a>
            <a
              class="sc-hMqMXs fILlfv"
              aria-current="false"
            >
              Medarbetare
            </a>
            <a
              class="sc-hMqMXs fILlfv"
              aria-current="false"
            >
              Karriär
            </a>
            <a
              class="sc-hMqMXs fILlfv"
              aria-current="false"
            >
              Om
            </a>
            <a
              target="_blank"
              rel="noopener noreferrer"
              href="https://blog.iteam.life/"
              class="NativeLink-fvundc-0 sc-kEYyzF grsRKu"
            >
              Labs
            </a>
            <div
              class="Navigation__Indicator-fdgx9g-1 bOcqdk"
            />
          </div>
        </div>
        <div
          class="Header__MessageRow-dm3ycw-1 cbRVND"
        >
          <h1
            class="H1-sc-1we7oaz-0 sc-iAyFgw bOBImS"
          >
            <span
              class="Header__MessageLine-dm3ycw-2 iOLoPT"
            >
              Det är vi som är Iteam
            </span>
          </h1>
        </div>
      </div>
    </div>
  </div>
  <div
    class="GridColumn__GridColumnClean-sc-1y5e0ej-0 sc-bwzfXH hpcCKS"
  >
    <div
      class="PaddedRow-qwtz4d-0 sc-bdVaJa HChwM"
    >
      <div
        data-test="filter-"
        tabindex="0"
        class="Filter__Wrap-mppe0o-0 ccMcoo"
      >
        Alla
      </div>
      <div
        data-test="filter-Stockholm"
        tabindex="0"
        class="Filter__Wrap-mppe0o-0 qxpJU"
      >
        Stockholm
      </div>
      <div
        data-test="filter-Göteborg"
        tabindex="0"
        class="Filter__Wrap-mppe0o-0 qxpJU"
      >
        Göteborg
      </div>
    </div>
    <div
      class="GridColumn__GridColumnClean-sc-1y5e0ej-0 sc-bZQynM svAwu"
    >
      <div
        class="TeamMembers__Members-zojp0w-0 eTvNth"
      >
        <div
          class="Colleague-sc-1lhltsp-0 bxBxSP"
        >
          <a
            class="sc-htpNat kDzZbW"
          >
            <div
              class="TeamPageMember__AvatarWrap-ngt1y6-2 ehUcrz"
            >
              <div>
                <img
                  alt="Cookie M"
                  src=""
                  class="Avatar__AvatarImage-sc-1si56gp-0 blHcLW"
                />
              </div>
            </div>
          </a>
          <div
            class="TeamPageMember__Name-ngt1y6-0 kONqkV"
          >
            Cookie M
          </div>
          <div
            class="TeamPageMember__Title-ngt1y6-1 hVIguW"
          >
            Cookie master
          </div>
          <div
            class="TeamPageMember__PhoneNumberWrap-ngt1y6-3 JeHJQ"
          >
            <a
              href="tel:0701234567"
              class="NativeLink-fvundc-0 sc-EHOje goTsLn"
            >
              070-123 45 67
            </a>
          </div>
          <a
            href="mailto:cm@sesame.com"
            class="NativeLink-fvundc-0 sc-ifAKCX cASXVu"
          >
            cm@sesame.com
          </a>
        </div>
        <div
          class="Colleague-sc-1lhltsp-0 bxBxSP"
        >
          <a
            class="sc-htpNat kDzZbW"
          >
            <div
              class="TeamPageMember__AvatarWrap-ngt1y6-2 ehUcrz"
            >
              <div>
                <img
                  alt="Count van Count"
                  src=""
                  class="Avatar__AvatarImage-sc-1si56gp-0 blHcLW"
                />
              </div>
            </div>
          </a>
          <div
            class="TeamPageMember__Name-ngt1y6-0 kONqkV"
          >
            Count van Count
          </div>
          <div
            class="TeamPageMember__Title-ngt1y6-1 hVIguW"
          >
            1 ahahah
          </div>
          <div
            class="TeamPageMember__PhoneNumberWrap-ngt1y6-3 JeHJQ"
          >
            <a
              href="tel:0707654321"
              class="NativeLink-fvundc-0 sc-EHOje goTsLn"
            >
              070-765 43 21
            </a>
          </div>
          <a
            href="mailto:count@sesame.com"
            class="NativeLink-fvundc-0 sc-ifAKCX cASXVu"
          >
            count@sesame.com
          </a>
        </div>
      </div>
    </div>
  </div>
</div>
`;
