// Jest Snapshot v1, https://goo.gl/fbAQLP

exports[`components/MobileMenu renders MobileMenu and can open it 1`] = `
<div>
  <div
    class="sc-bZQynM gxvPSJ"
  >
    <div
      class="sc-ifAKCX cgZFIN"
      data-test="mobile-menu"
    >
      <div
        class="sc-EHOje eWBHPh"
      >
        <a
          class="sc-bxivhb kFLvBf"
          aria-current="false"
        >
          Case
        </a>
        <a
          class="sc-bxivhb kFLvBf"
          aria-current="false"
        >
          AI
        </a>
        <a
          class="sc-bxivhb kFLvBf"
          aria-current="false"
        >
          Metod
        </a>
        <a
          class="sc-bxivhb kFLvBf"
          aria-current="false"
        >
          Medarbetare
        </a>
        <a
          class="sc-bxivhb kFLvBf"
          aria-current="false"
        >
          Karri√§r
        </a>
        <a
          class="sc-bxivhb kFLvBf"
          aria-current="false"
        >
          Om
        </a>
      </div>
    </div>
    <button
      class="sc-bdVaJa czpWlH"
      aria-label="Menu button"
      data-testid="btn-mobile-menu"
      role="button"
    >
      <div
        class="sc-htpNat eOHwxm"
        open=""
      >
        <div
          class="sc-bwzfXH huOONa"
        />
        <div
          class="sc-bwzfXH huOONa"
        />
        <div
          class="sc-bwzfXH huOONa"
        />
      </div>
    </button>
  </div>
</div>
`;
