// Jest Snapshot v1, https://goo.gl/fbAQLP

exports[`components/QueryWithLoading renders 1`] = `
<div>
  <pre>
    { "pageStart": { "headerImage": "//images.ctfassets.net/rj4r6yfcesw5/6WZT7iYMZGkuEUIc4S0KgK/499955f736b51dfde591a5195803a445/start_optimized.jpg", "headerText1": "Vi digitaliserar företag och organisationer", "headerText2": "genom strategi, kod och kultur", "headerTextBgColor": "#FF3B5C", "aiTitle": "Utforska möjligheterna med AI", "aiText": "We are offering an Artificial Intelligence package to help you build AI products and services. We have a very competent Data Science team that will help you grow in the growing market of Artificial Intelligence.", "aiSlug": "erbjudanden/ai", "aiLinkText": "Läs mer om våra erbjudanden inom AI", "codeMobileImage": "//images.ctfassets.net/rj4r6yfcesw5/2mxfqVCqiw4CQYguMSYwYU/b9494a7ffcc913a275984ba7db02a1bf/dator.png", "codeText": "Systemutveckling, automatisering, artificiell intelligens, maskininlärning. Vi har alla redskap du behöver för att bygga vad du vill. Det du vill. Och vet du inte vad du behöver så hjälper vi dig med det med.", "codeTitle": "Kod", "codeLogo": "//images.ctfassets.net/rj4r6yfcesw5/3qnZSfySW4cEGoUo6KCAae/8a656eba15e15b61dacc9fbea38aa4bd/logo_af.png", "codeSlug": "arbetsformedlingen", "codeLinkText": "Läs om hur vi hjälper Arbetsförmedlingen med kod", "contactTitle": "Hör av dig till oss!", "cultureMobileImage": "//images.ctfassets.net/rj4r6yfcesw5/2y9WBlATsssIcSQmuQ6Ky8/32e27eb88cb9d3063be20803442e3a02/chat.png", "cultureText": "Ibland ser vi oss som kulturarbetare. Det räcker inte att bygga digitala tjänster åt sina användare. Det är först när hela din organisation tänker, andas och lever digitalt som ni digitaliseras. på riktigt. Vi rustar dig för framtiden helt enkelt.", "cultureTitle": "Kultur", "cultureLogo": "//images.ctfassets.net/rj4r6yfcesw5/4D844WR1v20ICIOG4SK0y8/15a008277f5565d9f52fbd5312f6e121/logo_seb.png", "cultureSlug": "seb", "cultureLinkText": "Läs om hur vi hjälper SEB med kultur", "strategyMobileImage": "//images.ctfassets.net/rj4r6yfcesw5/1oqMfeZBnuQAAGweIGCKEW/d34548ee301d4d3f315e2ee313089093/Iteam-03-e.png", "strategyText": "Vi digitaliserar Sverige. Pompigt! Men det betyder att vi hjälper dig att leda digitaliseringen istället för att vara den som blir lämnad på efterkälken. Både på den marknad där du verkar, och de marknader du inte ens visste att du borde verka på.", "strategyTitle": "Strategi", "strategyLogo": "//images.ctfassets.net/rj4r6yfcesw5/1mv5fxBGLmeyWom4OI2WsI/a4d79cae2076b43aea926db2f1244b52/logo_tsab.png", "strategySlug": "tsab", "strategyLinkText": "Läs om hur vi hjälper Taxi Stockholm med strategi", "team": [ "rln", "msr" ], "__typename": "PageStart" } }
  </pre>
</div>
`;

exports[`components/QueryWithLoading renders loading indicator when passed no data 1`] = `
<div>
  <div
    class="sc-VigVT xMFhY sc-gzVnrw bIbQZT"
  >
    <div
      class="sc-jTzLTM hsHbNM"
    />
  </div>
  <div
    class="sc-fjdhpX dSePDG sc-htoDjs bjndSh"
  >
    <div
      class="sc-jzJRlG eDqLMO"
      width="100"
    />
    <div
      class="sc-jzJRlG eDqLMO"
      width="100"
    />
    <div
      class="sc-jzJRlG fBYRlq"
      width="75"
    />
  </div>
</div>
`;
