// Jest Snapshot v1, https://goo.gl/fbAQLP

exports[`components/Cases renders Cases 1`] = `
<div>
  <div
    style="height: 700px;"
    class="lazyload-placeholder"
  />
  <div
    class="s7kn9a1-0-GridColumn__GridColumnClean-lcQAdD iyGAEe"
  >
    <div
      class="s3nsc5b-0-PaddedRow-hWTqUj iUATLn"
    >
      <div
        class="Filter__Wrap-s16ccbkk-0 evelsV"
        data-test="filter-"
        tabindex="0"
      >
        Alla
      </div>
      <div
        class="Filter__Wrap-s16ccbkk-0 lgKsfF"
        data-test="filter-Stockholm"
        tabindex="0"
      >
        Stockholm
      </div>
      <div
        class="Filter__Wrap-s16ccbkk-0 lgKsfF"
        data-test="filter-Göteborg"
        tabindex="0"
      >
        Göteborg
      </div>
    </div>
    <div
      class="s3nsc5b-0-PaddedRow-hWTqUj hbGnBu"
    >
      <a
        class="PrefetchLink__StyledLink-n3ecxs-0 JPiJu"
        href="/case/vimla"
      >
        <div
          class="Cases__Case-ql1p4z-1 iHJPWM"
        >
          <div
            class="Cases__CaseImageWrap-ql1p4z-2 bwMITc"
          >
            <img
              class="Cases__CaseImage-ql1p4z-3 bRuamq"
              src="//images.ctfassets.net/rj4r6yfcesw5/68OlBclfQAGMcEUsQgcIUY/9bdf52bb8a9a17be06e11ef3fa32d3de/vimla-case-phone.png"
              alt=""
            />
          </div>
          <div
            class="Cases__Meta-ql1p4z-4 fnbXh"
          >
            <div
              class="Cases__Title-ql1p4z-5 WtUOC"
            >
              Vimla
            </div>
            <div
              class="Cases__ShortDescription-ql1p4z-6 eAkhlI"
            >
              Synliggörande av asylsökandes kompetens med digitala verktyg
            </div>
          </div>
        </div>
      </a>
      <a
        class="PrefetchLink__StyledLink-n3ecxs-0 JPiJu"
        href="/case/tsab"
      >
        <div
          class="Cases__Case-ql1p4z-1 iHJPWM"
        >
          <div
            class="Cases__CaseImageWrap-ql1p4z-2 bwMITc"
          >
            <img
              class="Cases__CaseImage-ql1p4z-3 bRuamq"
              src="//images.ctfassets.net/rj4r6yfcesw5/UGucAeFycSqIGw0CAc0ys/3d58300261bcff64dba751de9228a150/tsab-case-phone.png"
              alt=""
            />
          </div>
          <div
            class="Cases__Meta-ql1p4z-4 fnbXh"
          >
            <div
              class="Cases__Title-ql1p4z-5 WtUOC"
            >
              Taxi Stockholm
            </div>
            <div
              class="Cases__ShortDescription-ql1p4z-6 eAkhlI"
            >
              Synliggörande av asylsökandes kompetens med digitala verktyg
            </div>
          </div>
        </div>
      </a>
      <a
        class="PrefetchLink__StyledLink-n3ecxs-0 JPiJu"
        href="/case/seb"
      >
        <div
          class="Cases__Case-ql1p4z-1 iHJPWM"
        >
          <div
            class="Cases__CaseImageWrap-ql1p4z-2 bwMITc"
          />
          <div
            class="Cases__Meta-ql1p4z-4 fnbXh"
          >
            <div
              class="Cases__Title-ql1p4z-5 WtUOC"
            >
              SEB
            </div>
            <div
              class="Cases__ShortDescription-ql1p4z-6 eAkhlI"
            >
              Synliggörande av asylsökandes kompetens med digitala verktyg
            </div>
          </div>
        </div>
      </a>
      <a
        class="PrefetchLink__StyledLink-n3ecxs-0 JPiJu"
        href="/case/arbetsformedlingen"
      >
        <div
          class="Cases__Case-ql1p4z-1 iHJPWM"
        >
          <div
            class="Cases__CaseImageWrap-ql1p4z-2 bwMITc"
          >
            <img
              class="Cases__CaseImage-ql1p4z-3 bRuamq"
              src="//images.ctfassets.net/rj4r6yfcesw5/3Y7zZ25WbeOCU8w84kAEos/b97ff1899cf6f2e4dca0eb2b4f0d5a44/af.png"
              alt=""
            />
          </div>
          <div
            class="Cases__Meta-ql1p4z-4 fnbXh"
          >
            <div
              class="Cases__Title-ql1p4z-5 WtUOC"
            >
              Arbetsförmedlingen
            </div>
            <div
              class="Cases__ShortDescription-ql1p4z-6 eAkhlI"
            >
              Synliggörande av asylsökandes kompetens med digitala verktyg
            </div>
          </div>
        </div>
      </a>
    </div>
  </div>
  <div
    class="s7kn9a1-0-GridColumn__GridColumnClean-lcQAdD isotwF"
  >
    <div
      class="TeamMembers__Members-gavpkf-0 uMipK"
    >
      <div
        class="TeamMemberDuo__Colleague-s9kjazo-0 XxNhO"
      >
        <a
          class="PrefetchLink__StyledLink-n3ecxs-0 JPiJu"
          href="/teamet/cmm"
        >
          <div
            style="height: 226px;"
            class="lazyload-placeholder"
          />
        </a>
        <div
          class="TeamMemberDuo__Meta-s9kjazo-1 gzvJxw"
        >
          <div
            class="TeamMemberDuo__MetaSection-s9kjazo-3 XeOZD"
          >
            <div
              class="TeamMemberDuo__Title-s9kjazo-2 dFgPDl"
            >
              Cookie master
            </div>
            <div>
              Stockholm
            </div>
          </div>
          <div
            class="TeamMemberDuo__Title-s9kjazo-2 dFgPDl"
          >
            Cookie M
          </div>
          <div>
            <a
              class="s1qo6rwq-0-NativeLink-jXoiCT dJdJnO"
              href="tel:0701234567"
            >
              070-123 45 67
            </a>
          </div>
          <a
            class="NativeLink-s1qo6rwq-0 jNinQt"
            href="mailto:cm@sesame.com"
          >
            cm@sesame.com
          </a>
        </div>
      </div>
      <div
        class="TeamMemberDuo__Colleague-s9kjazo-0 XxNhO"
      >
        <a
          class="PrefetchLink__StyledLink-n3ecxs-0 JPiJu"
          href="/teamet/cvc"
        >
          <div
            style="height: 226px;"
            class="lazyload-placeholder"
          />
        </a>
        <div
          class="TeamMemberDuo__Meta-s9kjazo-1 gzvJxw"
        >
          <div
            class="TeamMemberDuo__MetaSection-s9kjazo-3 XeOZD"
          >
            <div
              class="TeamMemberDuo__Title-s9kjazo-2 dFgPDl"
            >
              1 ahahah
            </div>
            <div>
              Göteborg
            </div>
          </div>
          <div
            class="TeamMemberDuo__Title-s9kjazo-2 dFgPDl"
          >
            Count van Count
          </div>
          <div>
            <a
              class="s1qo6rwq-0-NativeLink-jXoiCT dJdJnO"
              href="tel:0707654321"
            >
              070-765 43 21
            </a>
          </div>
          <a
            class="NativeLink-s1qo6rwq-0 jNinQt"
            href="mailto:count@sesame.com"
          >
            count@sesame.com
          </a>
        </div>
      </div>
    </div>
  </div>
</div>
`;
