// Jest Snapshot v1, https://goo.gl/fbAQLP

exports[`components/HeaderClean renders HeaderClean 1`] = `
<div>
  <div
    class="GridColumn__GridColumnClean-sc-1y5e0ej-0 sc-htpNat fLNxzH"
  >
    <div
      class="HeaderClean__Content-nmswwc-2 dmOnMv"
    >
      <div
        class="HeaderClean__Header-nmswwc-0 frpPwv"
      >
        <a
          class="sc-bwzfXH crrApc"
        >
          <img
            alt="Logo"
            src="test-file-stub"
            class="HeaderClean__Logo-nmswwc-1 goZBhG"
          />
        </a>
      </div>
    </div>
  </div>
</div>
`;
