// Jest Snapshot v1, https://goo.gl/fbAQLP

exports[`components/Header renders Header 1`] = `
<div>
  <div>
    <div
      class="sc-kIPQKe ftKOiW"
    >
      <div
        class="sc-eXEjpC iOEOtv"
      >
        <div
          class="sc-gzOgki iPgKNP"
        >
          <a
            class="sc-iyvyFf gbVIVA"
          >
            <img
              class="sc-hwwEjo doGCkR"
              data-testid="logo"
              path="test-file-stub"
            />
          </a>
          <div
            class="sc-kPVwWT iGguRZ"
          >
            <a
              class="sc-esjQYD eLRVk"
              aria-current="false"
            >
              Erbjudanden
            </a>
            <a
              class="sc-esjQYD eLRVk"
              aria-current="false"
            >
              Case
            </a>
            <a
              class="sc-esjQYD eLRVk"
              aria-current="false"
            >
              Metod
            </a>
            <a
              class="sc-esjQYD eLRVk"
              aria-current="false"
            >
              Medarbetare
            </a>
            <a
              class="sc-esjQYD eLRVk"
              aria-current="false"
            >
              Karriär
            </a>
            <a
              class="sc-esjQYD eLRVk"
              aria-current="false"
            >
              Om
            </a>
            <div
              class="sc-kfGgVZ hzXCUz"
            />
          </div>
        </div>
        <div
          class="sc-ibxdXY gGaQMA"
        >
          <h1
            class="sc-RefOD kXWznh"
          >
            <span>
              Vi digitaliserar företag och organisationer
            </span>
          </h1>
          <h1
            class="sc-RefOD kXWznh"
          >
            <span>
              genom strategi, kod och kultur
            </span>
          </h1>
        </div>
      </div>
    </div>
  </div>
</div>
`;
