// Jest Snapshot v1, https://goo.gl/fbAQLP

exports[`components/MobileMenu renders MobileMenu and can open it 1`] = `
<div>
  <div
    class="MobileMenu__Wrap-sc-1k7u490-0 cYrXHt"
  >
    <div
      data-test="mobile-menu"
      class="MenuNavigation__Menu-unfaa8-0 DOVqg"
    >
      <div
        class="MenuNavigation__MenuInner-unfaa8-1 gOpHSC"
      >
        <a
          class="sc-bdVaJa knFYzh"
          aria-current="false"
        >
          Erbjudanden
        </a>
        <a
          class="sc-bdVaJa knFYzh"
          aria-current="false"
        >
          Våra case
        </a>
        <a
          class="sc-bdVaJa knFYzh"
          aria-current="false"
        >
          Metod
        </a>
        <a
          class="sc-bdVaJa knFYzh"
          aria-current="false"
        >
          Medarbetare
        </a>
        <a
          class="sc-bdVaJa knFYzh"
          aria-current="false"
        >
          Karriär
        </a>
        <a
          class="sc-bdVaJa knFYzh"
          aria-current="false"
        >
          Om
        </a>
        <a
          target="_blank"
          rel="noopener noreferrer"
          href="https://blog.iteam.life/"
          class="NativeLink-fvundc-0 sc-bwzfXH eYkjRL"
        >
          Labs
        </a>
      </div>
    </div>
    <button
      aria-label="Menu button"
      data-testid="btn-mobile-menu"
      role="button"
      class="MenuButton__Button-ulut0i-0 hPPslc"
    >
      <div
        class="MenuButton__Hamburger-ulut0i-2 cykepV"
        open=""
      >
        <div
          class="MenuButton__Bar-ulut0i-1 Bqhsd"
        />
        <div
          class="MenuButton__Bar-ulut0i-1 Bqhsd"
        />
        <div
          class="MenuButton__Bar-ulut0i-1 Bqhsd"
        />
      </div>
    </button>
  </div>
</div>
`;

exports[`components/MobileMenu should close the menu when navigating 1`] = `null`;
